2025-07-08T18:01:27.559841+12:00 vbox systemd[1]: Queued start job for default target Graphical Interface.
2025-07-08T18:01:27.567293+12:00 vbox systemd[1]: systemd-journald.service: Deactivated successfully.
2025-07-08T18:01:27.567345+12:00 vbox lvm[649]:   2 logical volume(s) in volume group "system" monitored
2025-07-08T18:01:27.567354+12:00 vbox systemd[1]: Finished Apply Kernel Variables.
2025-07-08T18:01:27.567360+12:00 vbox systemd[1]: Finished Create Static Device Nodes in /dev gracefully.
2025-07-08T18:01:27.567366+12:00 vbox systemd[1]: Starting Create System Users...
2025-07-08T18:01:27.567371+12:00 vbox systemd-sysusers[687]: Creating group 'fwupd-refresh' with GID 456.
2025-07-08T18:01:27.567377+12:00 vbox systemd-sysusers[687]: Creating user 'fwupd-refresh' (Firmware update daemon) with UID 456 and GID 456.
2025-07-08T18:01:27.567395+12:00 vbox systemd[1]: Finished Create System Users.
2025-07-08T18:01:27.567402+12:00 vbox systemd[1]: Starting Create Static Device Nodes in /dev...
2025-07-08T18:01:27.567407+12:00 vbox systemd[1]: Finished Create Static Device Nodes in /dev.
2025-07-08T18:01:27.567413+12:00 vbox systemd[1]: Reached target Preparation for Local File Systems.
2025-07-08T18:01:27.567419+12:00 vbox systemd[1]: Finished Rebuild Hardware Database.
2025-07-08T18:01:27.567425+12:00 vbox systemd[1]: Starting Rule-based Manager for Device Events and Files...
2025-07-08T18:01:27.567441+12:00 vbox systemd[1]: boot-grub2-i386\x2dpc.mount: Directory /boot/grub2/i386-pc to mount over is not empty, mounting anyway.
2025-07-08T18:01:27.567449+12:00 vbox systemd[1]: Mounting /boot/grub2/i386-pc...
2025-07-08T18:01:27.567454+12:00 vbox systemd[1]: Mounting /boot/grub2/x86_64-efi...
2025-07-08T18:01:27.567460+12:00 vbox systemd[1]: home.mount: Directory /home to mount over is not empty, mounting anyway.
2025-07-08T18:01:27.567465+12:00 vbox systemd[1]: Mounting /home...
2025-07-08T18:01:27.567471+12:00 vbox systemd[1]: Mounting /opt...
2025-07-08T18:01:27.567487+12:00 vbox systemd[1]: root.mount: Directory /root to mount over is not empty, mounting anyway.
2025-07-08T18:01:27.567495+12:00 vbox systemd[1]: Mounting /root...
2025-07-08T18:01:27.567501+12:00 vbox systemd[1]: srv.mount: Directory /srv to mount over is not empty, mounting anyway.
2025-07-08T18:01:27.567506+12:00 vbox systemd[1]: Mounting /srv...
2025-07-08T18:01:27.567512+12:00 vbox systemd[1]: Mounting /tmp...
2025-07-08T18:01:27.567518+12:00 vbox systemd[1]: usr-local.mount: Directory /usr/local to mount over is not empty, mounting anyway.
2025-07-08T18:01:27.567534+12:00 vbox systemd[1]: Mounting /usr/local...
2025-07-08T18:01:27.567541+12:00 vbox systemd[1]: var.mount: Directory /var to mount over is not empty, mounting anyway.
2025-07-08T18:01:27.567547+12:00 vbox systemd[1]: Mounting /var...
2025-07-08T18:01:27.567553+12:00 vbox systemd-udevd[694]: Using default interface naming scheme 'sle15-sp4'.
2025-07-08T18:01:27.567559+12:00 vbox systemd[1]: Mounted /boot/grub2/i386-pc.
2025-07-08T18:01:27.567564+12:00 vbox systemd[1]: Mounted /opt.
2025-07-08T18:01:27.567579+12:00 vbox systemd[1]: Mounted /root.
2025-07-08T18:01:27.567587+12:00 vbox systemd[1]: Mounted /boot/grub2/x86_64-efi.
2025-07-08T18:01:27.567593+12:00 vbox systemd[1]: Mounted /home.
2025-07-08T18:01:27.567598+12:00 vbox systemd[1]: Mounted /srv.
2025-07-08T18:01:27.567604+12:00 vbox systemd[1]: Mounted /tmp.
2025-07-08T18:01:27.567609+12:00 vbox systemd[1]: Mounted /usr/local.
2025-07-08T18:01:27.567615+12:00 vbox systemd[1]: Mounted /var.
2025-07-08T18:01:27.567631+12:00 vbox systemd[1]: Lock Directory was skipped because of an unmet condition check (ConditionPathIsSymbolicLink=!/var/lock).
2025-07-08T18:01:27.567639+12:00 vbox systemd[1]: Runtime Directory was skipped because of an unmet condition check (ConditionPathIsSymbolicLink=!/var/run).
2025-07-08T18:01:27.567645+12:00 vbox systemd[1]: Reached target Local File Systems.
2025-07-08T18:01:27.567651+12:00 vbox systemd[1]: Starting Load AppArmor profiles...
2025-07-08T18:01:27.567657+12:00 vbox systemd[1]: Starting Early Kernel Boot Messages...
2025-07-08T18:01:27.567664+12:00 vbox systemd[1]: Starting Tell Plymouth To Write Out Runtime Data...
2025-07-08T18:01:27.567681+12:00 vbox systemd[1]: Starting Set Up Additional Binary Formats...
2025-07-08T18:01:27.567689+12:00 vbox systemd[1]: Starting Flush Journal to Persistent Storage...
2025-07-08T18:01:27.567695+12:00 vbox systemd[1]: Platform Persistent Storage Archival was skipped because of an unmet condition check (ConditionDirectoryNotEmpty=/sys/fs/pstore).
2025-07-08T18:01:27.567702+12:00 vbox systemd[1]: Starting Load/Save OS Random Seed...
2025-07-08T18:01:27.567708+12:00 vbox systemd[1]: proc-sys-fs-binfmt_misc.automount: Got automount request for /proc/sys/fs/binfmt_misc, triggered by 716 (systemd-binfmt)
2025-07-08T18:01:27.567714+12:00 vbox systemd[1]: Mounting Arbitrary Executable File Formats File System...
2025-07-08T18:01:27.567730+12:00 vbox systemd[1]: Finished Flush Journal to Persistent Storage.
2025-07-08T18:01:27.567738+12:00 vbox apparmor.systemd[713]: Restarting AppArmor
2025-07-08T18:01:27.567744+12:00 vbox apparmor.systemd[713]: Reloading AppArmor profiles
2025-07-08T18:01:27.567750+12:00 vbox systemd[1]: Finished Tell Plymouth To Write Out Runtime Data.
2025-07-08T18:01:27.567755+12:00 vbox systemd[1]: Finished Load/Save OS Random Seed.
2025-07-08T18:01:27.567761+12:00 vbox systemd[1]: Mounted Arbitrary Executable File Formats File System.
2025-07-08T18:01:27.567781+12:00 vbox systemd[1]: Received SIGRTMIN+20 from PID 397 (plymouthd).
2025-07-08T18:01:27.567789+12:00 vbox systemd[1]: Starting Create System Files and Directories...
2025-07-08T18:01:27.567795+12:00 vbox systemd[1]: Finished Set Up Additional Binary Formats.
2025-07-08T18:01:27.567801+12:00 vbox systemd[1]: Finished Create System Files and Directories.
2025-07-08T18:01:27.567806+12:00 vbox systemd[1]: Starting Security Auditing Service...
2025-07-08T18:01:27.567812+12:00 vbox systemd[1]: First Boot Wizard was skipped because of an unmet condition check (ConditionFirstBoot=yes).
2025-07-08T18:01:27.567828+12:00 vbox systemd[1]: First Boot Complete was skipped because of an unmet condition check (ConditionFirstBoot=yes).
2025-07-08T18:01:27.567836+12:00 vbox systemd[1]: Starting Rebuild Journal Catalog...
2025-07-08T18:01:27.567842+12:00 vbox systemd[1]: Starting Commit a transient machine-id on disk...
2025-07-08T18:01:27.567848+12:00 vbox systemd[1]: Finished Early Kernel Boot Messages.
2025-07-08T18:01:27.567854+12:00 vbox (udev-worker)[769]: vboxguest: /usr/lib/udev/rules.d/90-vboxguest.rules:1 Only network interfaces can be renamed, ignoring NAME="vboxguest".
2025-07-08T18:01:27.567860+12:00 vbox systemd[1]: Started Rule-based Manager for Device Events and Files.
2025-07-08T18:01:27.567876+12:00 vbox (udev-worker)[766]: vboxguest: /usr/lib/udev/rules.d/90-vboxguest.rules:1 Only network interfaces can be renamed, ignoring NAME="vboxguest".
2025-07-08T18:01:27.567884+12:00 vbox systemd[1]: Finished Rebuild Journal Catalog.
2025-07-08T18:01:27.567891+12:00 vbox auditd[794]: No plugins found, not dispatching events
2025-07-08T18:01:27.567897+12:00 vbox systemd[1]: Starting Update is Completed...
2025-07-08T18:01:27.567902+12:00 vbox auditd[794]: Init complete, auditd 3.0.6 listening for events (startup state enable)
2025-07-08T18:01:27.567908+12:00 vbox systemd[1]: Started Security Auditing Service.
2025-07-08T18:01:27.567924+12:00 vbox systemd[1]: Starting Record System Boot/Shutdown in UTMP...
2025-07-08T18:01:27.567932+12:00 vbox systemd[1]: Finished Record System Boot/Shutdown in UTMP.
2025-07-08T18:01:27.567939+12:00 vbox systemd[1]: Finished Update is Completed.
2025-07-08T18:01:27.567945+12:00 vbox systemd[1]: /usr/lib/systemd/system/vboxclient.service:4: Unknown key 'ExecCondition' in section [Unit], ignoring.
2025-07-08T18:01:27.567951+12:00 vbox (udev-worker)[766]: vboxguest: /usr/lib/udev/rules.d/90-vboxguest.rules:1 Only network interfaces can be renamed, ignoring NAME="vboxguest".
2025-07-08T18:01:27.567958+12:00 vbox (udev-worker)[772]: vboxuser: /usr/lib/udev/rules.d/90-vboxguest.rules:2 Only network interfaces can be renamed, ignoring NAME="vboxuser".
2025-07-08T18:01:27.567976+12:00 vbox systemd[1]: Starting Load Kernel Module efi_pstore...
2025-07-08T18:01:27.567984+12:00 vbox systemd[1]: Starting Show Plymouth Boot Screen...
2025-07-08T18:01:27.567989+12:00 vbox systemd[1]: First Boot Wizard was skipped because of an unmet condition check (ConditionFirstBoot=yes).
2025-07-08T18:01:27.567996+12:00 vbox systemd[1]: First Boot Complete was skipped because of an unmet condition check (ConditionFirstBoot=yes).
2025-07-08T18:01:27.568002+12:00 vbox systemd[1]: modprobe@efi_pstore.service: Deactivated successfully.
2025-07-08T18:01:27.568008+12:00 vbox lvm[832]: PV /dev/sda2 online, VG system is complete.
2025-07-08T18:01:27.568027+12:00 vbox systemd[1]: Finished Load Kernel Module efi_pstore.
2025-07-08T18:01:27.568035+12:00 vbox plymouthd[845]: 00:00:12.427 ply-utils.c:932:ply_get_kernel_command_line                   : opening /proc/cmdline
2025-07-08T18:01:27.568041+12:00 vbox plymouthd[845]: 00:00:12.427 ply-utils.c:940:ply_get_kernel_command_line                   : reading kernel command line
2025-07-08T18:01:27.568047+12:00 vbox plymouthd[845]: 00:00:12.428 ply-utils.c:959:ply_get_kernel_command_line                   : Kernel command line is: 'BOOT_IMAGE=/boot/vmlinuz-6.4.0-150600.23.53-default root=/dev/mapper/system-root splash=silent preempt=full mitigations=auto quiet security=apparmor
2025-07-08T18:01:27.568054+12:00 vbox plymouthd[845]: '
2025-07-08T18:01:27.568071+12:00 vbox plymouthd[845]: 00:00:12.428 main.c:1938:check_logging                                     : checking if console messages should be redirected and logged
2025-07-08T18:01:27.568079+12:00 vbox plymouthd[845]: 00:00:12.428 main.c:1947:check_logging                                     : logging will be enabled!
2025-07-08T18:01:27.568085+12:00 vbox plymouthd[845]: 00:00:12.428 main.c:2017:initialize_environment                            : source built on Mar 18 2025
2025-07-08T18:01:27.568091+12:00 vbox systemd[1]: Started Entropy Daemon based on the HAVEGE algorithm.
2025-07-08T18:01:27.568097+12:00 vbox systemd[1]: Platform Persistent Storage Archival was skipped because of an unmet condition check (ConditionDirectoryNotEmpty=/sys/fs/pstore).
2025-07-08T18:01:27.568113+12:00 vbox systemd[1]: Started Show Plymouth Boot Screen.
2025-07-08T18:01:27.568121+12:00 vbox systemd[1]: Dispatch Password Requests to Console Directory Watch was skipped because of an unmet condition check (ConditionPathExists=!/run/plymouth/pid).
2025-07-08T18:01:27.568127+12:00 vbox systemd[1]: systemd-vconsole-setup.service: Deactivated successfully.
2025-07-08T18:01:27.568133+12:00 vbox systemd[1]: Stopped Virtual Console Setup.
2025-07-08T18:01:27.568141+12:00 vbox systemd[1]: Stopping Virtual Console Setup...
2025-07-08T18:01:27.568147+12:00 vbox systemd[1]: Starting Virtual Console Setup...
2025-07-08T18:01:27.568164+12:00 vbox systemd[1]: etc-machine\x2did.mount: Deactivated successfully.
2025-07-08T18:01:27.568172+12:00 vbox systemd[1]: run-credentials-systemd\x2dvconsole\x2dsetup.service.mount: Deactivated successfully.
2025-07-08T18:01:27.568178+12:00 vbox systemd[1]: Finished Commit a transient machine-id on disk.
2025-07-08T18:01:27.568185+12:00 vbox systemd[1]: Started /usr/sbin/lvm vgchange -aay --autoactivation event system.
2025-07-08T18:01:27.568190+12:00 vbox systemd-vconsole-setup[872]: All allocated VCs are currently busy, skipping initialization of font and keyboard settings.
2025-07-08T18:01:27.568197+12:00 vbox haveged[844]: haveged: command socket is listening at fd 3
2025-07-08T18:01:27.568214+12:00 vbox systemd[1]: Finished Virtual Console Setup.
2025-07-08T18:01:27.568221+12:00 vbox lvm[883]:   2 logical volume(s) in volume group "system" now active
2025-07-08T18:01:27.568228+12:00 vbox systemd[1]: lvm-activate-system.service: Deactivated successfully.
2025-07-08T18:01:27.568233+12:00 vbox tlp[841]: Error: TLP's power saving will not apply on boot because tlp.service is not enabled --> Invoke 'systemctl enable tlp.service' to ensure the full functionality of TLP.
2025-07-08T18:01:27.568241+12:00 vbox mtp-probe: checking bus 2, device 2: "/sys/devices/pci0000:00/0000:00:06.0/usb2/2-1"
2025-07-08T18:01:27.568249+12:00 vbox mtp-probe: bus: 2, device: 2 was not an MTP device
2025-07-08T18:01:27.568266+12:00 vbox systemd[1]: Finished Load AppArmor profiles.
2025-07-08T18:01:27.568275+12:00 vbox systemd[1]: Reached target System Initialization.
2025-07-08T18:01:27.568280+12:00 vbox systemd[1]: Started Watch /etc/sysconfig/btrfsmaintenance.
2025-07-08T18:01:27.568286+12:00 vbox systemd[1]: Started Watch for changes in CA certificates.
2025-07-08T18:01:27.568292+12:00 vbox systemd[1]: Started CUPS Scheduler.
2025-07-08T18:01:27.568297+12:00 vbox systemd[1]: Started Watch for changes in issue snippets.
2025-07-08T18:01:27.568303+12:00 vbox systemd[1]: Started Watch for changes in smartmontools sysconfig file.
2025-07-08T18:01:27.568319+12:00 vbox systemd[1]: Started Daily Cleanup of Snapper Snapshots.
2025-07-08T18:01:27.568326+12:00 vbox systemd[1]: Started Daily Cleanup of Temporary Directories.
2025-07-08T18:01:27.568332+12:00 vbox systemd[1]: Reached target Path Units.
2025-07-08T18:01:27.568338+12:00 vbox systemd[1]: Listening on Avahi mDNS/DNS-SD Stack Activation Socket.
2025-07-08T18:01:27.568344+12:00 vbox systemd[1]: Listening on CUPS Scheduler.
2025-07-08T18:01:27.568349+12:00 vbox systemd[1]: Listening on D-Bus System Message Bus Socket.
2025-07-08T18:01:27.568365+12:00 vbox systemd[1]: Listening on PC/SC Smart Card Daemon Activation Socket.
2025-07-08T18:01:27.568372+12:00 vbox systemd[1]: Reached target Socket Units.
2025-07-08T18:01:27.568378+12:00 vbox systemd[1]: Reached target Basic System.
2025-07-08T18:01:27.568384+12:00 vbox systemd[1]: Starting Synchronize AppStream metadata from repositories into AS-cache...
2025-07-08T18:01:27.568389+12:00 vbox systemd[1]: Starting auditd rules generation...
2025-07-08T18:01:27.568395+12:00 vbox systemd[1]: Starting Avahi mDNS/DNS-SD Stack...
2025-07-08T18:01:27.568411+12:00 vbox systemd[1]: Started D-Bus System Message Bus.
2025-07-08T18:01:27.568419+12:00 vbox systemd[1]: Started Detect if the system suffers from bsc#1089761.
2025-07-08T18:01:27.568424+12:00 vbox systemd[1]: Starting Restore /run/initramfs on shutdown...
2025-07-08T18:01:27.568430+12:00 vbox systemd[1]: Started irqbalance daemon.
2025-07-08T18:01:27.568435+12:00 vbox systemd[1]: Starting Generate issue file for login session...
2025-07-08T18:01:27.568441+12:00 vbox systemd[1]: Starting Apply settings from /etc/sysconfig/keyboard...
2025-07-08T18:01:27.568448+12:00 vbox systemd[1]: Machine Check Exception Logging Daemon was skipped because of an unmet condition check (ConditionVirtualization=false).
2025-07-08T18:01:27.568465+12:00 vbox systemd[1]: Starting Name Service Cache Daemon...
2025-07-08T18:01:27.568473+12:00 vbox systemd[1]: Starting Authorization Manager...
2025-07-08T18:01:27.568479+12:00 vbox systemd[1]: Self Monitoring and Reporting Technology (SMART) Daemon was skipped because of an unmet condition check (ConditionVirtualization=no).
2025-07-08T18:01:27.562404+12:00 vbox kernel: [    T0] Linux version 6.4.0-150600.23.53-default (geeko@buildhost) (gcc (SUSE Linux) 7.5.0, GNU ld (GNU Binutils; SUSE Linux Enterprise 15) 2.43.1.20241209-150100.7.52) #1 SMP PREEMPT_DYNAMIC Wed Jun  4 05:37:40 UTC 2025 (2d991ff)
2025-07-08T18:01:27.568485+12:00 vbox systemd[1]: Started Start/Stop VirtualBox Guest Linux module.
2025-07-08T18:01:27.568493+12:00 vbox systemd[1]: Started VirtualBox guest VMSVGA resize client.
2025-07-08T18:01:27.568499+12:00 vbox systemd[1]: open-vm-tools: vgauth service for virtual machines hosted on VMware was skipped because of an unmet condition check (ConditionVirtualization=vmware).
2025-07-08T18:01:27.568509+12:00 vbox kernel: [    T0] Command line: BOOT_IMAGE=/boot/vmlinuz-6.4.0-150600.23.53-default root=/dev/mapper/system-root splash=silent preempt=full mitigations=auto quiet security=apparmor
2025-07-08T18:01:27.568520+12:00 vbox kernel: [    T0] BIOS-provided physical RAM map:
2025-07-08T18:01:27.568521+12:00 vbox kernel: [    T0] BIOS-e820: [mem 0x0000000000000000-0x000000000009fbff] usable
2025-07-08T18:01:27.568522+12:00 vbox kernel: [    T0] BIOS-e820: [mem 0x000000000009fc00-0x000000000009ffff] reserved
2025-07-08T18:01:27.568523+12:00 vbox kernel: [    T0] BIOS-e820: [mem 0x00000000000f0000-0x00000000000fffff] reserved
2025-07-08T18:01:27.568524+12:00 vbox kernel: [    T0] BIOS-e820: [mem 0x0000000000100000-0x00000000dffeffff] usable
2025-07-08T18:01:27.568518+12:00 vbox systemd[1]: open-vm-tools: vmblock-fuse service for virtual machines hosted on VMware was skipped because of an unmet condition check (ConditionVirtualization=vmware).
2025-07-08T18:01:27.568527+12:00 vbox kernel: [    T0] BIOS-e820: [mem 0x00000000dfff0000-0x00000000dfffffff] ACPI data
2025-07-08T18:01:27.568529+12:00 vbox kernel: [    T0] BIOS-e820: [mem 0x00000000fec00000-0x00000000fec00fff] reserved
2025-07-08T18:01:27.568529+12:00 vbox kernel: [    T0] BIOS-e820: [mem 0x00000000fee00000-0x00000000fee00fff] reserved
2025-07-08T18:01:27.568530+12:00 vbox kernel: [    T0] BIOS-e820: [mem 0x00000000fffc0000-0x00000000ffffffff] reserved
2025-07-08T18:01:27.568531+12:00 vbox kernel: [    T0] BIOS-e820: [mem 0x0000000100000000-0x000000019fffffff] usable
2025-07-08T18:01:27.568528+12:00 vbox systemd[1]: open-vm-tools: vmtoolsd service for virtual machines hosted on VMware was skipped because of an unmet condition check (ConditionVirtualization=vmware).
2025-07-08T18:01:27.568532+12:00 vbox kernel: [    T0] NX (Execute Disable) protection: active
2025-07-08T18:01:27.568535+12:00 vbox kernel: [    T0] SMBIOS 2.5 present.
2025-07-08T18:01:27.568536+12:00 vbox kernel: [    T0] DMI: innotek GmbH VirtualBox/VirtualBox, BIOS VirtualBox 12/01/2006
2025-07-08T18:01:27.568537+12:00 vbox kernel: [    T0] Hypervisor detected: KVM
2025-07-08T18:01:27.568540+12:00 vbox kernel: [    T0] kvm-clock: Using msrs 4b564d01 and 4b564d00
2025-07-08T18:01:27.568536+12:00 vbox systemd[1]: Purge old kernels was skipped because of an unmet condition check (ConditionPathExists=/boot/do_purge_kernels).
2025-07-08T18:01:27.568541+12:00 vbox kernel: [    T0] kvm-clock: using sched offset of 1801163656194 cycles
2025-07-08T18:01:27.568544+12:00 vbox kernel: [    T0] clocksource: kvm-clock: mask: 0xffffffffffffffff max_cycles: 0x1cd42e4dffb, max_idle_ns: 881590591483 ns
2025-07-08T18:01:27.568545+12:00 vbox kernel: [    T0] tsc: Detected 2496.010 MHz processor
2025-07-08T18:01:27.568548+12:00 vbox kernel: [    T0] e820: update [mem 0x00000000-0x00000fff] usable ==> reserved
2025-07-08T18:01:27.568546+12:00 vbox systemd[1]: YaST2 Second Stage was skipped because of an unmet condition check (ConditionPathExists=/var/lib/YaST2/runme_at_boot).
2025-07-08T18:01:27.568549+12:00 vbox kernel: [    T0] e820: remove [mem 0x000a0000-0x000fffff] usable
2025-07-08T18:01:27.568551+12:00 vbox kernel: [    T0] last_pfn = 0x1a0000 max_arch_pfn = 0x400000000
2025-07-08T18:01:27.568552+12:00 vbox kernel: [    T0] MTRR map: 3 entries (3 fixed + 0 variable; max 19), built from 8 variable MTRRs
2025-07-08T18:01:27.568553+12:00 vbox kernel: [    T0] x86/PAT: Configuration [0-7]: WB  WC  UC- UC  WB  WP  UC- WT  
2025-07-08T18:01:27.568553+12:00 vbox kernel: [    T0] CPU MTRRs all blank - virtualized system.
2025-07-08T18:01:27.568556+12:00 vbox kernel: [    T0] last_pfn = 0xdfff0 max_arch_pfn = 0x400000000
2025-07-08T18:01:27.568557+12:00 vbox kernel: [    T0] found SMP MP-table at [mem 0x0009fbf0-0x0009fbff]
2025-07-08T18:01:27.568557+12:00 vbox kernel: [    T0] Incomplete global flushes, disabling PCID
2025-07-08T18:01:27.568558+12:00 vbox kernel: [    T0] RAMDISK: [mem 0x34d35000-0x36691fff]
2025-07-08T18:01:27.568559+12:00 vbox kernel: [    T0] ACPI: Early table checksum verification disabled
2025-07-08T18:01:27.568559+12:00 vbox kernel: [    T0] ACPI: RSDP 0x00000000000E0000 000024 (v02 VBOX  )
2025-07-08T18:01:27.568563+12:00 vbox kernel: [    T0] ACPI: XSDT 0x00000000DFFF0030 00003C (v01 VBOX   VBOXXSDT 00000001 ASL  00000061)
2025-07-08T18:01:27.568553+12:00 vbox systemd[1]: YaST2 Firstboot was skipped because of an unmet condition check (ConditionPathExists=/var/lib/YaST2/reconfig_system).
2025-07-08T18:01:27.568784+12:00 vbox VBoxDRMClient[996]: 06:01:21.707893 main     VBoxClient 7.1.4_SUSE r165100 (verbosity: 0) linux.amd64 (Oct 16 2024 12:00:00) release log
2025-07-08T18:01:27.568803+12:00 vbox VBoxDRMClient[996]: 06:01:21.707897 main     Log opened 2025-07-08T06:01:21.707884000Z
2025-07-08T18:01:27.568811+12:00 vbox VBoxDRMClient[996]: 06:01:21.708154 main     OS Product: Linux
2025-07-08T18:01:27.568817+12:00 vbox VBoxDRMClient[996]: 06:01:21.708175 main     OS Release: 6.4.0-150600.23.53-default
2025-07-08T18:01:27.568824+12:00 vbox VBoxDRMClient[996]: 06:01:21.708185 main     OS Version: #1 SMP PREEMPT_DYNAMIC Wed Jun  4 05:37:40 UTC 2025 (2d991ff)
2025-07-08T18:01:27.568846+12:00 vbox VBoxDRMClient[996]: 06:01:21.708192 main     Executable: /usr/bin/VBoxDRMClient
2025-07-08T18:01:27.568854+12:00 vbox VBoxDRMClient[996]: 06:01:21.708193 main     Process ID: 996
2025-07-08T18:01:27.568861+12:00 vbox VBoxDRMClient[996]: 06:01:21.708195 main     Package type: LINUX_64BITS_GENERIC (OSE)
2025-07-08T18:01:27.568867+12:00 vbox VBoxDRMClient[996]: 06:01:21.709016 main     VBoxDRMClient: found compatible device: /dev/dri/renderD128
2025-07-08T18:01:27.568873+12:00 vbox nscd: 1002 monitoring file `/etc/passwd` (1)
2025-07-08T18:01:27.568879+12:00 vbox VBoxDRMClient[996]: 06:01:21.714636 main     VBoxDRMClient: starting deferred resize events delivery
2025-07-08T18:01:27.568896+12:00 vbox polkitd[994]: Started polkitd version 121
2025-07-08T18:01:27.568905+12:00 vbox nscd: 1002 monitoring directory `/etc` (2)
2025-07-08T18:01:27.568910+12:00 vbox nscd: 1002 monitoring file `/etc/group` (3)
2025-07-08T18:01:27.568916+12:00 vbox nscd: 1002 monitoring directory `/etc` (2)
2025-07-08T18:01:27.568921+12:00 vbox VBoxDRMClient[996]: 06:01:21.718258 main     VBoxDRMClient: IPC server socket access granted to all users
2025-07-08T18:01:27.568927+12:00 vbox nscd: 1002 monitoring file `/etc/hosts` (4)
2025-07-08T18:01:27.568943+12:00 vbox nscd: 1002 monitoring directory `/etc` (2)
2025-07-08T18:01:27.568951+12:00 vbox nscd: 1002 monitoring file `/etc/resolv.conf` (5)
2025-07-08T18:01:27.568957+12:00 vbox nscd: 1002 monitoring directory `/etc` (2)
2025-07-08T18:01:27.568963+12:00 vbox nscd: 1002 monitoring file `/etc/services` (6)
2025-07-08T18:01:27.568969+12:00 vbox nscd: 1002 monitoring directory `/etc` (2)
2025-07-08T18:01:27.568975+12:00 vbox nscd: 1002 monitoring file `/etc/netgroup` (7)
2025-07-08T18:01:27.568990+12:00 vbox nscd: 1002 monitoring directory `/etc` (2)
2025-07-08T18:01:27.568998+12:00 vbox nscd: 1002 monitoring file `/etc/nsswitch.conf` (8)
2025-07-08T18:01:27.569003+12:00 vbox nscd: 1002 monitoring directory `/etc` (2)
2025-07-08T18:01:27.569009+12:00 vbox nscd: 1002 monitoring file `/etc/nsswitch.conf` (8)
2025-07-08T18:01:27.569017+12:00 vbox nscd: 1002 monitoring directory `/etc` (2)
2025-07-08T18:01:27.569023+12:00 vbox nscd: 1002 monitoring file `/etc/nsswitch.conf` (8)
2025-07-08T18:01:27.569063+12:00 vbox nscd: 1002 monitoring directory `/etc` (2)
2025-07-08T18:01:27.569071+12:00 vbox nscd: 1002 monitoring file `/etc/nsswitch.conf` (8)
2025-07-08T18:01:27.569077+12:00 vbox nscd: 1002 monitoring directory `/etc` (2)
2025-07-08T18:01:27.569083+12:00 vbox nscd: 1002 monitoring file `/etc/nsswitch.conf` (8)
2025-07-08T18:01:27.569088+12:00 vbox nscd: 1002 monitoring directory `/etc` (2)
2025-07-08T18:01:27.569094+12:00 vbox systemd[1]: Finished Restore /run/initramfs on shutdown.
2025-07-08T18:01:27.569100+12:00 vbox systemd[1]: Started Name Service Cache Daemon.
2025-07-08T18:01:27.569122+12:00 vbox systemd[1]: Reached target Host and Network Name Lookups.
2025-07-08T18:01:27.569129+12:00 vbox systemd[1]: Reached target User and Group Name Lookups.
2025-07-08T18:01:27.569136+12:00 vbox vboxadd-service[995]: vboxadd-service.sh: Starting VirtualBox Guest Addition service.
2025-07-08T18:01:27.569142+12:00 vbox /usr/sbin/irqbalance: thermal: received group id (3).
2025-07-08T18:01:27.569149+12:00 vbox vboxadd-service.sh: Starting VirtualBox Guest Addition service.
2025-07-08T18:01:27.569155+12:00 vbox systemd[1]: Starting User Login Management...
2025-07-08T18:01:27.569175+12:00 vbox (udev-worker)[759]: controlC0: Process '/usr/sbin/alsactl restore 0' failed with exit code 99.
2025-07-08T18:01:27.569185+12:00 vbox alsactl[1051]: /usr/sbin/alsactl: load_state:1689: Cannot open /var/lib/alsa/asound.state for reading: No such file or directory
2025-07-08T18:01:27.569194+12:00 vbox systemd[1]: Starting Save/Restore Sound Card State...
2025-07-08T18:01:27.569200+12:00 vbox systemd[1]: Manage Sound Card State (restore and store) was skipped because of an unmet condition check (ConditionPathExists=/etc/alsa/state-daemon.conf).
2025-07-08T18:01:27.569206+12:00 vbox alsactl[1051]: alsa-lib main.c:1554:(snd_use_case_mgr_open) error: failed to import hw:0 use case configuration -2
2025-07-08T18:01:27.569216+12:00 vbox alsactl[1051]: Found hardware: "ICH" "Analog Devices AD1980" "AC97a:41445370" "0x1028" "0x0177"
2025-07-08T18:01:27.569232+12:00 vbox alsactl[1051]: Hardware is initialized using a generic method
2025-07-08T18:01:27.569241+12:00 vbox polkitd[994]: Loading rules from directory /etc/polkit-1/rules.d
2025-07-08T18:01:27.569247+12:00 vbox polkitd[994]: Loading rules from directory /usr/share/polkit-1/rules.d
2025-07-08T18:01:27.569252+12:00 vbox systemd[1]: Finished Save/Restore Sound Card State.
2025-07-08T18:01:27.569258+12:00 vbox systemd[1]: issue-generator.service: Deactivated successfully.
2025-07-08T18:01:27.569264+12:00 vbox polkitd[994]: Finished loading, compiling and executing 5 rules
2025-07-08T18:01:27.569283+12:00 vbox polkitd[994]: Acquired the name org.freedesktop.PolicyKit1 on the system bus
2025-07-08T18:01:27.569292+12:00 vbox systemd[1]: Finished Generate issue file for login session.
2025-07-08T18:01:27.569298+12:00 vbox systemd[1]: Started Authorization Manager.
2025-07-08T18:01:27.569304+12:00 vbox vboxadd-service.sh: VirtualBox Guest Addition service started.
2025-07-08T18:01:27.569310+12:00 vbox VBoxDRMClient[996]: 06:01:21.980062 Timer    VBoxDRMClient: push screen layout data of 1 display(s) to DRM stack, fPartialLayout=false, rc=VINF_SUCCESS
2025-07-08T18:01:27.568564+12:00 vbox kernel: [    T0] ACPI: FACP 0x00000000DFFF00F0 0000F4 (v04 VBOX   VBOXFACP 00000001 ASL  00000061)
2025-07-08T18:01:27.569653+12:00 vbox kernel: [    T0] ACPI: DSDT 0x00000000DFFF0620 002353 (v02 VBOX   VBOXBIOS 00000002 INTL 20100528)
2025-07-08T18:01:27.569660+12:00 vbox kernel: [    T0] ACPI: FACS 0x00000000DFFF0200 000040
2025-07-08T18:01:27.569661+12:00 vbox kernel: [    T0] ACPI: FACS 0x00000000DFFF0200 000040
2025-07-08T18:01:27.569674+12:00 vbox kernel: [    T0] ACPI: APIC 0x00000000DFFF0240 00006C (v02 VBOX   VBOXAPIC 00000001 ASL  00000061)
2025-07-08T18:01:27.569675+12:00 vbox kernel: [    T0] ACPI: SSDT 0x00000000DFFF02B0 00036C (v01 VBOX   VBOXCPUT 00000002 INTL 20100528)
2025-07-08T18:01:27.569683+12:00 vbox kernel: [    T0] ACPI: Reserving FACP table memory at [mem 0xdfff00f0-0xdfff01e3]
2025-07-08T18:01:27.569684+12:00 vbox kernel: [    T0] ACPI: Reserving DSDT table memory at [mem 0xdfff0620-0xdfff2972]
2025-07-08T18:01:27.569685+12:00 vbox kernel: [    T0] ACPI: Reserving FACS table memory at [mem 0xdfff0200-0xdfff023f]
2025-07-08T18:01:27.569686+12:00 vbox kernel: [    T0] ACPI: Reserving FACS table memory at [mem 0xdfff0200-0xdfff023f]
2025-07-08T18:01:27.569687+12:00 vbox kernel: [    T0] ACPI: Reserving APIC table memory at [mem 0xdfff0240-0xdfff02ab]
2025-07-08T18:01:27.569688+12:00 vbox kernel: [    T0] ACPI: Reserving SSDT table memory at [mem 0xdfff02b0-0xdfff061b]
2025-07-08T18:01:27.569691+12:00 vbox kernel: [    T0] No NUMA configuration found
2025-07-08T18:01:27.569692+12:00 vbox kernel: [    T0] Faking a node at [mem 0x0000000000000000-0x000000019fffffff]
2025-07-08T18:01:27.569693+12:00 vbox kernel: [    T0] NODE_DATA(0) allocated [mem 0x19ffd1000-0x19fffbfff]
2025-07-08T18:01:27.569693+12:00 vbox kernel: [    T0] Zone ranges:
2025-07-08T18:01:27.569694+12:00 vbox kernel: [    T0]   DMA      [mem 0x0000000000001000-0x0000000000ffffff]
2025-07-08T18:01:27.569695+12:00 vbox kernel: [    T0]   DMA32    [mem 0x0000000001000000-0x00000000ffffffff]
2025-07-08T18:01:27.569699+12:00 vbox kernel: [    T0]   Normal   [mem 0x0000000100000000-0x000000019fffffff]
2025-07-08T18:01:27.569700+12:00 vbox kernel: [    T0]   Device   empty
2025-07-08T18:01:27.569700+12:00 vbox kernel: [    T0] Movable zone start for each node
2025-07-08T18:01:27.569701+12:00 vbox kernel: [    T0] Early memory node ranges
2025-07-08T18:01:27.569702+12:00 vbox kernel: [    T0]   node   0: [mem 0x0000000000001000-0x000000000009efff]
2025-07-08T18:01:27.569703+12:00 vbox kernel: [    T0]   node   0: [mem 0x0000000000100000-0x00000000dffeffff]
2025-07-08T18:01:27.569704+12:00 vbox kernel: [    T0]   node   0: [mem 0x0000000100000000-0x000000019fffffff]
2025-07-08T18:01:27.569707+12:00 vbox kernel: [    T0] Initmem setup node 0 [mem 0x0000000000001000-0x000000019fffffff]
2025-07-08T18:01:27.569708+12:00 vbox kernel: [    T0] On node 0, zone DMA: 1 pages in unavailable ranges
2025-07-08T18:01:27.569708+12:00 vbox kernel: [    T0] On node 0, zone DMA: 97 pages in unavailable ranges
2025-07-08T18:01:27.569709+12:00 vbox kernel: [    T0] On node 0, zone Normal: 16 pages in unavailable ranges
2025-07-08T18:01:27.569710+12:00 vbox kernel: [    T0] ACPI: PM-Timer IO Port: 0x4008
2025-07-08T18:01:27.569711+12:00 vbox kernel: [    T0] IOAPIC[0]: apic_id 4, version 32, address 0xfec00000, GSI 0-23
2025-07-08T18:01:27.569714+12:00 vbox kernel: [    T0] ACPI: INT_SRC_OVR (bus 0 bus_irq 0 global_irq 2 dfl dfl)
2025-07-08T18:01:27.569715+12:00 vbox kernel: [    T0] ACPI: INT_SRC_OVR (bus 0 bus_irq 9 global_irq 9 low level)
2025-07-08T18:01:27.569715+12:00 vbox kernel: [    T0] ACPI: Using ACPI (MADT) for SMP configuration information
2025-07-08T18:01:27.569716+12:00 vbox kernel: [    T0] smpboot: Allowing 4 CPUs, 0 hotplug CPUs
2025-07-08T18:01:27.569717+12:00 vbox kernel: [    T0] PM: hibernation: Registered nosave memory: [mem 0x00000000-0x00000fff]
2025-07-08T18:01:27.569718+12:00 vbox kernel: [    T0] PM: hibernation: Registered nosave memory: [mem 0x0009f000-0x0009ffff]
2025-07-08T18:01:27.569724+12:00 vbox kernel: [    T0] PM: hibernation: Registered nosave memory: [mem 0x000a0000-0x000effff]
2025-07-08T18:01:27.569725+12:00 vbox kernel: [    T0] PM: hibernation: Registered nosave memory: [mem 0x000f0000-0x000fffff]
2025-07-08T18:01:27.569726+12:00 vbox kernel: [    T0] PM: hibernation: Registered nosave memory: [mem 0xdfff0000-0xdfffffff]
2025-07-08T18:01:27.569727+12:00 vbox kernel: [    T0] PM: hibernation: Registered nosave memory: [mem 0xe0000000-0xfebfffff]
2025-07-08T18:01:27.569728+12:00 vbox kernel: [    T0] PM: hibernation: Registered nosave memory: [mem 0xfec00000-0xfec00fff]
2025-07-08T18:01:27.569728+12:00 vbox kernel: [    T0] PM: hibernation: Registered nosave memory: [mem 0xfec01000-0xfedfffff]
2025-07-08T18:01:27.569729+12:00 vbox kernel: [    T0] PM: hibernation: Registered nosave memory: [mem 0xfee00000-0xfee00fff]
2025-07-08T18:01:27.569732+12:00 vbox kernel: [    T0] PM: hibernation: Registered nosave memory: [mem 0xfee01000-0xfffbffff]
2025-07-08T18:01:27.569733+12:00 vbox kernel: [    T0] PM: hibernation: Registered nosave memory: [mem 0xfffc0000-0xffffffff]
2025-07-08T18:01:27.569734+12:00 vbox kernel: [    T0] [mem 0xe0000000-0xfebfffff] available for PCI devices
2025-07-08T18:01:27.569735+12:00 vbox kernel: [    T0] Booting paravirtualized kernel on KVM
2025-07-08T18:01:27.569735+12:00 vbox kernel: [    T0] clocksource: refined-jiffies: mask: 0xffffffff max_cycles: 0xffffffff, max_idle_ns: 7645519600211568 ns
2025-07-08T18:01:27.569736+12:00 vbox kernel: [    T0] setup_percpu: NR_CPUS:8192 nr_cpumask_bits:4 nr_cpu_ids:4 nr_node_ids:1
2025-07-08T18:01:27.569739+12:00 vbox kernel: [    T0] percpu: Embedded 66 pages/cpu s233472 r8192 d28672 u524288
2025-07-08T18:01:27.569740+12:00 vbox kernel: [    T0] pcpu-alloc: s233472 r8192 d28672 u524288 alloc=1*2097152
2025-07-08T18:01:27.569741+12:00 vbox kernel: [    T0] pcpu-alloc: [0] 0 1 2 3 
2025-07-08T18:01:27.569742+12:00 vbox kernel: [    T0] kvm-guest: PV spinlocks enabled
2025-07-08T18:01:27.569742+12:00 vbox kernel: [    T0] PV qspinlock hash table entries: 256 (order: 0, 4096 bytes, linear)
2025-07-08T18:01:27.569743+12:00 vbox kernel: [    T0] Kernel command line: BOOT_IMAGE=/boot/vmlinuz-6.4.0-150600.23.53-default root=/dev/mapper/system-root splash=silent preempt=full mitigations=auto quiet security=apparmor
2025-07-08T18:01:27.569747+12:00 vbox kernel: [    T0] Dynamic Preempt: full
2025-07-08T18:01:27.569316+12:00 vbox avahi-daemon[983]: Found user 'avahi' (UID 491) and group 'avahi' (GID 476).
2025-07-08T18:01:27.569748+12:00 vbox kernel: [    T0] Unknown kernel command line parameters "BOOT_IMAGE=/boot/vmlinuz-6.4.0-150600.23.53-default splash=silent", will be passed to user space.
2025-07-08T18:01:27.569751+12:00 vbox kernel: [    T0] random: crng init done
2025-07-08T18:01:27.569763+12:00 vbox avahi-daemon[983]: Successfully dropped root privileges.
2025-07-08T18:01:27.569781+12:00 vbox avahi-daemon[983]: avahi-daemon 0.8 starting up.
2025-07-08T18:01:27.569788+12:00 vbox systemd[1]: Starting Modem Manager...
2025-07-08T18:01:27.569795+12:00 vbox systemd[1]: Starting firewalld - dynamic firewall daemon...
2025-07-08T18:01:27.569801+12:00 vbox systemd[1]: Starting Load extra kernel modules for sound stuff...
2025-07-08T18:01:27.569818+12:00 vbox kernel: [    T0] Dentry cache hash table entries: 1048576 (order: 11, 8388608 bytes, linear)
2025-07-08T18:01:27.569820+12:00 vbox kernel: [    T0] Inode-cache hash table entries: 524288 (order: 10, 4194304 bytes, linear)
2025-07-08T18:01:27.569820+12:00 vbox kernel: [    T0] Fallback order for Node 0: 0 
2025-07-08T18:01:27.569822+12:00 vbox kernel: [    T0] Built 1 zonelists, mobility grouping on.  Total pages: 1548016
2025-07-08T18:01:27.569823+12:00 vbox kernel: [    T0] Policy zone: Normal
2025-07-08T18:01:27.569823+12:00 vbox kernel: [    T0] mem auto-init: stack:off, heap alloc:off, heap free:off
2025-07-08T18:01:27.569824+12:00 vbox kernel: [    T0] software IO TLB: area num 4.
2025-07-08T18:01:27.569824+12:00 vbox kernel: [    T0] Memory: 3661060K/6291000K available (16384K kernel code, 2959K rwdata, 12700K rodata, 4088K init, 4668K bss, 252024K reserved, 0K cma-reserved)
2025-07-08T18:01:27.569825+12:00 vbox kernel: [    T0] SLUB: HWalign=64, Order=0-3, MinObjects=0, CPUs=4, Nodes=1
2025-07-08T18:01:27.569827+12:00 vbox kernel: [    T0] ftrace: allocating 47321 entries in 185 pages
2025-07-08T18:01:27.569829+12:00 vbox kernel: [    T0] ftrace: allocated 185 pages with 5 groups
2025-07-08T18:01:27.569807+12:00 vbox avahi-daemon[983]: No service file found in /etc/avahi/services.
2025-07-08T18:01:27.570012+12:00 vbox avahi-daemon[983]: System host name is set to 'localhost'. This is not a suitable mDNS host name, looking for alternatives.
2025-07-08T18:01:27.570034+12:00 vbox avahi-daemon[983]: Joining mDNS multicast group on interface lo.IPv6 with address ::1.
2025-07-08T18:01:27.569830+12:00 vbox kernel: [    T0] rcu: Preemptible hierarchical RCU implementation.
2025-07-08T18:01:27.570108+12:00 vbox kernel: [    T0] rcu: 	RCU event tracing is enabled.
2025-07-08T18:01:27.570112+12:00 vbox kernel: [    T0] rcu: 	RCU restricting CPUs from NR_CPUS=8192 to nr_cpu_ids=4.
2025-07-08T18:01:27.570112+12:00 vbox kernel: [    T0] 	Trampoline variant of Tasks RCU enabled.
2025-07-08T18:01:27.570113+12:00 vbox kernel: [    T0] 	Rude variant of Tasks RCU enabled.
2025-07-08T18:01:27.570119+12:00 vbox kernel: [    T0] 	Tracing variant of Tasks RCU enabled.
2025-07-08T18:01:27.570120+12:00 vbox kernel: [    T0] rcu: RCU calculated value of scheduler-enlistment delay is 25 jiffies.
2025-07-08T18:01:27.570120+12:00 vbox kernel: [    T0] rcu: Adjusting geometry for rcu_fanout_leaf=16, nr_cpu_ids=4
2025-07-08T18:01:27.570121+12:00 vbox kernel: [    T0] NR_IRQS: 524544, nr_irqs: 456, preallocated irqs: 16
2025-07-08T18:01:27.570121+12:00 vbox kernel: [    T0] rcu: srcu_init: Setting srcu_struct sizes based on contention.
2025-07-08T18:01:27.570122+12:00 vbox kernel: [    T0] Console: colour dummy device 80x25
2025-07-08T18:01:27.570124+12:00 vbox kernel: [    T0] printk: console [tty0] enabled
2025-07-08T18:01:27.570125+12:00 vbox kernel: [    T0] ACPI: Core revision 20230628
2025-07-08T18:01:27.570125+12:00 vbox kernel: [    T0] APIC: Switch to symmetric I/O mode setup
2025-07-08T18:01:27.570126+12:00 vbox kernel: [    T0] ..TIMER: vector=0x30 apic1=0 pin1=2 apic2=-1 pin2=-1
2025-07-08T18:01:27.570126+12:00 vbox kernel: [    T0] clocksource: tsc-early: mask: 0xffffffffffffffff max_cycles: 0x23fa80a809f, max_idle_ns: 440795273818 ns
2025-07-08T18:01:27.570127+12:00 vbox kernel: [    T0] Calibrating delay loop (skipped) preset value.. 4992.02 BogoMIPS (lpj=9984040)
2025-07-08T18:01:27.570129+12:00 vbox kernel: [    T0] Last level iTLB entries: 4KB 0, 2MB 0, 4MB 0
2025-07-08T18:01:27.570129+12:00 vbox kernel: [    T0] Last level dTLB entries: 4KB 0, 2MB 0, 4MB 0, 1GB 0
2025-07-08T18:01:27.570130+12:00 vbox kernel: [    T0] Spectre V1 : Mitigation: usercopy/swapgs barriers and __user pointer sanitization
2025-07-08T18:01:27.570130+12:00 vbox kernel: [    T0] Spectre V2 : Spectre BHI mitigation: SW BHB clearing on vm exit
2025-07-08T18:01:27.570131+12:00 vbox kernel: [    T0] Spectre V2 : Spectre BHI mitigation: SW BHB clearing on syscall
2025-07-08T18:01:27.570132+12:00 vbox kernel: [    T0] Spectre V2 : Mitigation: Enhanced / Automatic IBRS
2025-07-08T18:01:27.570132+12:00 vbox kernel: [    T0] Spectre V2 : Spectre v2 / PBRSB-eIBRS: Retire a single CALL on VMEXIT
2025-07-08T18:01:27.570134+12:00 vbox kernel: [    T0] RETBleed: Mitigation: Enhanced IBRS
2025-07-08T18:01:27.570135+12:00 vbox kernel: [    T0] Speculative Store Bypass: Vulnerable
2025-07-08T18:01:27.570135+12:00 vbox kernel: [    T0] Register File Data Sampling: Mitigation: Clear Register File
2025-07-08T18:01:27.570136+12:00 vbox kernel: [    T0] ITS: Mitigation: Aligned branch/return thunks
2025-07-08T18:01:27.570136+12:00 vbox kernel: [    T0] x86/fpu: x87 FPU will use FXSAVE
2025-07-08T18:01:27.570137+12:00 vbox kernel: [    T0] Freeing SMP alternatives memory: 40K
2025-07-08T18:01:27.570139+12:00 vbox kernel: [    T0] pid_max: default: 32768 minimum: 301
2025-07-08T18:01:27.570139+12:00 vbox kernel: [    T0] LSM: initializing lsm=lockdown,capability,apparmor,bpf,integrity
2025-07-08T18:01:27.570140+12:00 vbox kernel: [    T0] AppArmor: AppArmor initialized
2025-07-08T18:01:27.570246+12:00 vbox kernel: [    T0] LSM support for eBPF active
2025-07-08T18:01:27.570248+12:00 vbox kernel: [    T0] Mount-cache hash table entries: 16384 (order: 5, 131072 bytes, linear)
2025-07-08T18:01:27.570249+12:00 vbox kernel: [    T0] Mountpoint-cache hash table entries: 16384 (order: 5, 131072 bytes, linear)
2025-07-08T18:01:27.570250+12:00 vbox kernel: [    T1] smpboot: CPU0: 13th Gen Intel(R) Core(TM) i5-1335U (family: 0x6, model: 0xba, stepping: 0x3)
2025-07-08T18:01:27.570253+12:00 vbox kernel: [    T1] cblist_init_generic: Setting adjustable number of callback queues.
2025-07-08T18:01:27.570254+12:00 vbox kernel: [    T1] cblist_init_generic: Setting shift to 2 and lim to 1.
2025-07-08T18:01:27.570254+12:00 vbox kernel: [    T1] cblist_init_generic: Setting adjustable number of callback queues.
2025-07-08T18:01:27.570255+12:00 vbox kernel: [    T1] cblist_init_generic: Setting shift to 2 and lim to 1.
2025-07-08T18:01:27.570255+12:00 vbox kernel: [    T1] cblist_init_generic: Setting adjustable number of callback queues.
2025-07-08T18:01:27.570256+12:00 vbox kernel: [    T1] cblist_init_generic: Setting shift to 2 and lim to 1.
2025-07-08T18:01:27.570258+12:00 vbox kernel: [    T1] Performance Events: unsupported p6 CPU model 186 no PMU driver, software events only.
2025-07-08T18:01:27.570259+12:00 vbox kernel: [    T1] signal: max sigframe size: 1440
2025-07-08T18:01:27.570259+12:00 vbox kernel: [    T1] rcu: Hierarchical SRCU implementation.
2025-07-08T18:01:27.570260+12:00 vbox kernel: [    T1] rcu: 	Max phase no-delay instances is 1000.
2025-07-08T18:01:27.570260+12:00 vbox kernel: [    T1] NMI watchdog: Perf NMI watchdog permanently disabled
2025-07-08T18:01:27.570261+12:00 vbox kernel: [    T1] smp: Bringing up secondary CPUs ...
2025-07-08T18:01:27.570263+12:00 vbox kernel: [    T1] x86: Booting SMP configuration:
2025-07-08T18:01:27.570263+12:00 vbox kernel: [    T1] .... node  #0, CPUs:      #1 #2 #3
2025-07-08T18:01:27.570264+12:00 vbox kernel: [    T1] smp: Brought up 1 node, 4 CPUs
2025-07-08T18:01:27.570265+12:00 vbox kernel: [    T1] smpboot: Max logical packages: 1
2025-07-08T18:01:27.570265+12:00 vbox kernel: [    T1] smpboot: Total of 4 processors activated (19968.08 BogoMIPS)
2025-07-08T18:01:27.570266+12:00 vbox kernel: [   T38] node 0 deferred pages initialised in 0ms
2025-07-08T18:01:27.570266+12:00 vbox kernel: [    T1] devtmpfs: initialized
2025-07-08T18:01:27.570268+12:00 vbox kernel: [    T1] x86/mm: Memory block size: 128MB
2025-07-08T18:01:27.570269+12:00 vbox kernel: [    T1] clocksource: jiffies: mask: 0xffffffff max_cycles: 0xffffffff, max_idle_ns: 7645041785100000 ns
2025-07-08T18:01:27.570270+12:00 vbox kernel: [    T1] futex hash table entries: 1024 (order: 4, 65536 bytes, linear)
2025-07-08T18:01:27.570270+12:00 vbox kernel: [    T1] pinctrl core: initialized pinctrl subsystem
2025-07-08T18:01:27.570271+12:00 vbox kernel: [    T1] PM: RTC time: 06:01:08, date: 2025-07-08
2025-07-08T18:01:27.570271+12:00 vbox kernel: [    T1] NET: Registered PF_NETLINK/PF_ROUTE protocol family
2025-07-08T18:01:27.570275+12:00 vbox kernel: [    T1] DMA: preallocated 1024 KiB GFP_KERNEL pool for atomic allocations
2025-07-08T18:01:27.570276+12:00 vbox kernel: [    T1] DMA: preallocated 1024 KiB GFP_KERNEL|GFP_DMA pool for atomic allocations
2025-07-08T18:01:27.570276+12:00 vbox kernel: [    T1] DMA: preallocated 1024 KiB GFP_KERNEL|GFP_DMA32 pool for atomic allocations
2025-07-08T18:01:27.570277+12:00 vbox kernel: [    T1] audit: initializing netlink subsys (disabled)
2025-07-08T18:01:27.570277+12:00 vbox kernel: [   T43] audit: type=2000 audit(1751956270.796:1): state=initialized audit_enabled=0 res=1
2025-07-08T18:01:27.570278+12:00 vbox kernel: [    T1] thermal_sys: Registered thermal governor 'fair_share'
2025-07-08T18:01:27.570280+12:00 vbox kernel: [    T1] thermal_sys: Registered thermal governor 'bang_bang'
2025-07-08T18:01:27.570281+12:00 vbox kernel: [    T1] thermal_sys: Registered thermal governor 'step_wise'
2025-07-08T18:01:27.570281+12:00 vbox kernel: [    T1] thermal_sys: Registered thermal governor 'user_space'
2025-07-08T18:01:27.570282+12:00 vbox kernel: [    T1] cpuidle: using governor ladder
2025-07-08T18:01:27.570282+12:00 vbox kernel: [    T1] cpuidle: using governor menu
2025-07-08T18:01:27.570283+12:00 vbox kernel: [    T1] acpiphp: ACPI Hot Plug PCI Controller Driver version: 0.5
2025-07-08T18:01:27.570283+12:00 vbox kernel: [    T1] PCI: Using configuration type 1 for base access
2025-07-08T18:01:27.570285+12:00 vbox kernel: [    T1] mtrr: your CPUs had inconsistent variable MTRR settings
2025-07-08T18:01:27.570286+12:00 vbox kernel: [    T1] mtrr: probably your BIOS does not setup all CPUs.
2025-07-08T18:01:27.570286+12:00 vbox kernel: [    T1] mtrr: corrected configuration.
2025-07-08T18:01:27.570286+12:00 vbox kernel: [    T1] kprobes: kprobe jump-optimization is enabled. All kprobes are optimized if possible.
2025-07-08T18:01:27.570287+12:00 vbox kernel: [    T1] HugeTLB: registered 2.00 MiB page size, pre-allocated 0 pages
2025-07-08T18:01:27.570288+12:00 vbox kernel: [    T1] HugeTLB: 28 KiB vmemmap can be freed for a 2.00 MiB page
2025-07-08T18:01:27.570289+12:00 vbox kernel: [    T1] ACPI: Added _OSI(Module Device)
2025-07-08T18:01:27.570290+12:00 vbox kernel: [    T1] ACPI: Added _OSI(Processor Device)
2025-07-08T18:01:27.570290+12:00 vbox kernel: [    T1] ACPI: Added _OSI(3.0 _SCP Extensions)
2025-07-08T18:01:27.570291+12:00 vbox kernel: [    T1] ACPI: Added _OSI(Processor Aggregator Device)
2025-07-08T18:01:27.570291+12:00 vbox kernel: [    T1] ACPI: 2 ACPI AML tables successfully acquired and loaded
2025-07-08T18:01:27.570292+12:00 vbox kernel: [    T1] ACPI: _OSC evaluation for CPUs failed, trying _PDC
2025-07-08T18:01:27.570294+12:00 vbox kernel: [    T1] ACPI: Interpreter enabled
2025-07-08T18:01:27.570294+12:00 vbox kernel: [    T1] ACPI: PM: (supports S0 S5)
2025-07-08T18:01:27.570295+12:00 vbox kernel: [    T1] ACPI: Using IOAPIC for interrupt routing
2025-07-08T18:01:27.570295+12:00 vbox kernel: [    T1] PCI: Using host bridge windows from ACPI; if necessary, use "pci=nocrs" and report a bug
2025-07-08T18:01:27.570296+12:00 vbox kernel: [    T1] PCI: Using E820 reservations for host bridge windows
2025-07-08T18:01:27.570043+12:00 vbox avahi-daemon[983]: New relevant interface lo.IPv6 for mDNS.
2025-07-08T18:01:27.570355+12:00 vbox kernel: [    T1] ACPI: Enabled 2 GPEs in block 00 to 07
2025-07-08T18:01:27.570355+12:00 vbox kernel: [    T1] ACPI: PCI Root Bridge [PCI0] (domain 0000 [bus 00-ff])
2025-07-08T18:01:27.570358+12:00 vbox kernel: [    T1] acpi PNP0A03:00: _OSC: OS supports [ASPM ClockPM Segments MSI EDR HPX-Type3]
2025-07-08T18:01:27.570359+12:00 vbox kernel: [    T1] acpi PNP0A03:00: _OSC: not requesting OS control; OS requires [ExtendedConfig ASPM ClockPM MSI]
2025-07-08T18:01:27.570359+12:00 vbox kernel: [    T1] acpi PNP0A03:00: fail to add MMCONFIG information, can't access extended configuration space under this bridge
2025-07-08T18:01:27.570360+12:00 vbox kernel: [    T1] PCI host bridge to bus 0000:00
2025-07-08T18:01:27.570360+12:00 vbox kernel: [    T1] pci_bus 0000:00: root bus resource [io  0x0000-0x0cf7 window]
2025-07-08T18:01:27.570361+12:00 vbox kernel: [    T1] pci_bus 0000:00: root bus resource [io  0x0d00-0xffff window]
2025-07-08T18:01:27.570371+12:00 vbox kernel: [    T1] pci_bus 0000:00: root bus resource [mem 0x000a0000-0x000bffff window]
2025-07-08T18:01:27.570373+12:00 vbox kernel: [    T1] pci_bus 0000:00: root bus resource [mem 0xe0000000-0xfdffffff window]
2025-07-08T18:01:27.570374+12:00 vbox kernel: [    T1] pci_bus 0000:00: root bus resource [bus 00-ff]
2025-07-08T18:01:27.570374+12:00 vbox kernel: [    T1] pci 0000:00:00.0: [8086:1237] type 00 class 0x060000
2025-07-08T18:01:27.570375+12:00 vbox kernel: [    T1] pci 0000:00:01.0: [8086:7000] type 00 class 0x060100
2025-07-08T18:01:27.570375+12:00 vbox kernel: [    T1] pci 0000:00:01.1: [8086:7111] type 00 class 0x01018a
2025-07-08T18:01:27.570363+12:00 vbox avahi-daemon[983]: Joining mDNS multicast group on interface lo.IPv4 with address 127.0.0.1.
2025-07-08T18:01:27.570379+12:00 vbox kernel: [    T1] pci 0000:00:01.1: reg 0x20: [io  0xd000-0xd00f]
2025-07-08T18:01:27.570380+12:00 vbox kernel: [    T1] pci 0000:00:01.1: legacy IDE quirk: reg 0x10: [io  0x01f0-0x01f7]
2025-07-08T18:01:27.570380+12:00 vbox kernel: [    T1] pci 0000:00:01.1: legacy IDE quirk: reg 0x14: [io  0x03f6]
2025-07-08T18:01:27.570381+12:00 vbox kernel: [    T1] pci 0000:00:01.1: legacy IDE quirk: reg 0x18: [io  0x0170-0x0177]
2025-07-08T18:01:27.570381+12:00 vbox kernel: [    T1] pci 0000:00:01.1: legacy IDE quirk: reg 0x1c: [io  0x0376]
2025-07-08T18:01:27.570382+12:00 vbox kernel: [    T1] pci 0000:00:02.0: [15ad:0405] type 00 class 0x030000
2025-07-08T18:01:27.570382+12:00 vbox kernel: [    T1] pci 0000:00:02.0: reg 0x10: [io  0xd010-0xd01f]
2025-07-08T18:01:27.570385+12:00 vbox kernel: [    T1] pci 0000:00:02.0: reg 0x14: [mem 0xe0000000-0xe0ffffff pref]
2025-07-08T18:01:27.570386+12:00 vbox kernel: [    T1] pci 0000:00:02.0: reg 0x18: [mem 0xf0000000-0xf01fffff]
2025-07-08T18:01:27.570382+12:00 vbox avahi-daemon[983]: New relevant interface lo.IPv4 for mDNS.
2025-07-08T18:01:27.570387+12:00 vbox kernel: [    T1] pci 0000:00:02.0: Video device with shadowed ROM at [mem 0x000c0000-0x000dffff]
2025-07-08T18:01:27.570389+12:00 vbox kernel: [    T1] pci 0000:00:03.0: [8086:100e] type 00 class 0x020000
2025-07-08T18:01:27.570390+12:00 vbox kernel: [    T1] pci 0000:00:03.0: reg 0x10: [mem 0xf0200000-0xf021ffff]
2025-07-08T18:01:27.570390+12:00 vbox kernel: [    T1] pci 0000:00:03.0: reg 0x18: [io  0xd020-0xd027]
2025-07-08T18:01:27.570393+12:00 vbox kernel: [    T1] pci 0000:00:04.0: [80ee:cafe] type 00 class 0x088000
2025-07-08T18:01:27.570394+12:00 vbox kernel: [    T1] pci 0000:00:04.0: reg 0x10: [io  0xd040-0xd05f]
2025-07-08T18:01:27.570395+12:00 vbox kernel: [    T1] pci 0000:00:04.0: reg 0x14: [mem 0xf0400000-0xf07fffff]
2025-07-08T18:01:27.570395+12:00 vbox kernel: [    T1] pci 0000:00:04.0: reg 0x18: [mem 0xf0800000-0xf0803fff pref]
2025-07-08T18:01:27.570396+12:00 vbox kernel: [    T1] pci 0000:00:05.0: [8086:2415] type 00 class 0x040100
2025-07-08T18:01:27.570396+12:00 vbox kernel: [    T1] pci 0000:00:05.0: reg 0x10: [io  0xd100-0xd1ff]
2025-07-08T18:01:27.570406+12:00 vbox kernel: [    T1] pci 0000:00:05.0: reg 0x14: [io  0xd200-0xd23f]
2025-07-08T18:01:27.570407+12:00 vbox kernel: [    T1] pci 0000:00:06.0: [106b:003f] type 00 class 0x0c0310
2025-07-08T18:01:27.570407+12:00 vbox kernel: [    T1] pci 0000:00:06.0: reg 0x10: [mem 0xf0804000-0xf0804fff]
2025-07-08T18:01:27.570408+12:00 vbox kernel: [    T1] pci 0000:00:07.0: [8086:7113] type 00 class 0x068000
2025-07-08T18:01:27.570408+12:00 vbox kernel: [    T1] pci 0000:00:07.0: quirk: [io  0x4000-0x403f] claimed by PIIX4 ACPI
2025-07-08T18:01:27.570408+12:00 vbox kernel: [    T1] pci 0000:00:07.0: quirk: [io  0x4100-0x410f] claimed by PIIX4 SMB
2025-07-08T18:01:27.570409+12:00 vbox kernel: [    T1] pci 0000:00:0b.0: [8086:265c] type 00 class 0x0c0320
2025-07-08T18:01:27.570412+12:00 vbox kernel: [    T1] pci 0000:00:0b.0: reg 0x10: [mem 0xf0805000-0xf0805fff]
2025-07-08T18:01:27.570413+12:00 vbox kernel: [    T1] pci 0000:00:0d.0: [8086:2829] type 00 class 0x010601
2025-07-08T18:01:27.570413+12:00 vbox kernel: [    T1] pci 0000:00:0d.0: reg 0x10: [io  0xd240-0xd247]
2025-07-08T18:01:27.570414+12:00 vbox kernel: [    T1] pci 0000:00:0d.0: reg 0x14: [io  0xd248-0xd24b]
2025-07-08T18:01:27.570414+12:00 vbox kernel: [    T1] pci 0000:00:0d.0: reg 0x18: [io  0xd250-0xd257]
2025-07-08T18:01:27.570415+12:00 vbox kernel: [    T1] pci 0000:00:0d.0: reg 0x1c: [io  0xd258-0xd25b]
2025-07-08T18:01:27.570391+12:00 vbox avahi-daemon[983]: Network interface enumeration completed.
2025-07-08T18:01:27.570417+12:00 vbox kernel: [    T1] pci 0000:00:0d.0: reg 0x20: [io  0xd260-0xd26f]
2025-07-08T18:01:27.570418+12:00 vbox kernel: [    T1] pci 0000:00:0d.0: reg 0x24: [mem 0xf0806000-0xf0807fff]
2025-07-08T18:01:27.570419+12:00 vbox kernel: [    T1] ACPI: PCI: Interrupt link LNKA configured for IRQ 11
2025-07-08T18:01:27.570419+12:00 vbox kernel: [    T1] ACPI: PCI: Interrupt link LNKB configured for IRQ 10
2025-07-08T18:01:27.570420+12:00 vbox kernel: [    T1] ACPI: PCI: Interrupt link LNKC configured for IRQ 9
2025-07-08T18:01:27.570420+12:00 vbox kernel: [    T1] ACPI: PCI: Interrupt link LNKD configured for IRQ 11
2025-07-08T18:01:27.570421+12:00 vbox kernel: [    T1] iommu: Default domain type: Passthrough
2025-07-08T18:01:27.570423+12:00 vbox kernel: [    T1] pps_core: LinuxPPS API ver. 1 registered
2025-07-08T18:01:27.570424+12:00 vbox kernel: [    T1] pps_core: Software ver. 5.3.6 - Copyright 2005-2007 Rodolfo Giometti <giometti@linux.it>
2025-07-08T18:01:27.570425+12:00 vbox kernel: [    T1] PTP clock support registered
2025-07-08T18:01:27.570426+12:00 vbox kernel: [    T1] EDAC MC: Ver: 3.0.0
2025-07-08T18:01:27.570426+12:00 vbox kernel: [    T1] NetLabel: Initializing
2025-07-08T18:01:27.570428+12:00 vbox kernel: [    T1] NetLabel:  domain hash size = 128
2025-07-08T18:01:27.570422+12:00 vbox avahi-daemon[983]: Registering new address record for ::1 on lo.*.
2025-07-08T18:01:27.570431+12:00 vbox kernel: [    T1] NetLabel:  protocols = UNLABELED CIPSOv4 CALIPSO
2025-07-08T18:01:27.570431+12:00 vbox kernel: [    T1] NetLabel:  unlabeled traffic allowed by default
2025-07-08T18:01:27.570432+12:00 vbox kernel: [    T1] mctp: management component transport protocol core
2025-07-08T18:01:27.570432+12:00 vbox kernel: [    T1] NET: Registered PF_MCTP protocol family
2025-07-08T18:01:27.570433+12:00 vbox kernel: [    T1] PCI: Using ACPI for IRQ routing
2025-07-08T18:01:27.570433+12:00 vbox kernel: [    T1] PCI: pci_cache_line_size set to 64 bytes
2025-07-08T18:01:27.570432+12:00 vbox avahi-daemon[983]: Registering new address record for 127.0.0.1 on lo.IPv4.
2025-07-08T18:01:27.570438+12:00 vbox kernel: [    T1] e820: reserve RAM buffer [mem 0x0009fc00-0x0009ffff]
2025-07-08T18:01:27.570439+12:00 vbox kernel: [    T1] e820: reserve RAM buffer [mem 0xdfff0000-0xdfffffff]
2025-07-08T18:01:27.570439+12:00 vbox kernel: [    T1] pci 0000:00:02.0: vgaarb: setting as boot VGA device
2025-07-08T18:01:27.570440+12:00 vbox kernel: [    T1] pci 0000:00:02.0: vgaarb: bridge control possible
2025-07-08T18:01:27.570440+12:00 vbox kernel: [    T1] pci 0000:00:02.0: vgaarb: VGA device added: decodes=io+mem,owns=io+mem,locks=none
2025-07-08T18:01:27.570441+12:00 vbox kernel: [    T1] vgaarb: loaded
2025-07-08T18:01:27.570441+12:00 vbox kernel: [    T1] clocksource: Switched to clocksource kvm-clock
2025-07-08T18:01:27.570439+12:00 vbox systemd[1]: Started Avahi mDNS/DNS-SD Stack.
2025-07-08T18:01:27.570444+12:00 vbox kernel: [    T1] VFS: Disk quotas dquot_6.6.0
2025-07-08T18:01:27.570445+12:00 vbox kernel: [    T1] VFS: Dquot-cache hash table entries: 512 (order 0, 4096 bytes)
2025-07-08T18:01:27.570446+12:00 vbox kernel: [    T1] AppArmor: AppArmor Filesystem Enabled
2025-07-08T18:01:27.570446+12:00 vbox kernel: [    T1] pnp: PnP ACPI init
2025-07-08T18:01:27.570446+12:00 vbox kernel: [    T1] pnp: PnP ACPI: found 2 devices
2025-07-08T18:01:27.570447+12:00 vbox kernel: [    T1] clocksource: acpi_pm: mask: 0xffffff max_cycles: 0xffffff, max_idle_ns: 2085701024 ns
2025-07-08T18:01:27.570450+12:00 vbox kernel: [    T1] NET: Registered PF_INET protocol family
2025-07-08T18:01:27.570446+12:00 vbox dbus-daemon[984]: [system] Activating via systemd: service name='org.freedesktop.login1' unit='dbus-org.freedesktop.login1.service' requested by ':1.3' (uid=0 pid=1079 comm="/usr/sbin/VBoxService --pidfile /var/run/vboxadd-s")
2025-07-08T18:01:27.570451+12:00 vbox kernel: [    T1] IP idents hash table entries: 131072 (order: 8, 1048576 bytes, linear)
2025-07-08T18:01:27.570451+12:00 vbox kernel: [    T1] tcp_listen_portaddr_hash hash table entries: 4096 (order: 4, 65536 bytes, linear)
2025-07-08T18:01:27.570452+12:00 vbox kernel: [    T1] Table-perturb hash table entries: 65536 (order: 6, 262144 bytes, linear)
2025-07-08T18:01:27.570452+12:00 vbox kernel: [    T1] TCP established hash table entries: 65536 (order: 7, 524288 bytes, linear)
2025-07-08T18:01:27.570453+12:00 vbox kernel: [    T1] TCP bind hash table entries: 65536 (order: 9, 2097152 bytes, linear)
2025-07-08T18:01:27.570453+12:00 vbox kernel: [    T1] TCP: Hash tables configured (established 65536 bind 65536)
2025-07-08T18:01:27.570456+12:00 vbox kernel: [    T1] MPTCP token hash table entries: 8192 (order: 5, 196608 bytes, linear)
2025-07-08T18:01:27.570454+12:00 vbox systemd[1]: Starting Load Kernel Module drm...
2025-07-08T18:01:27.570627+12:00 vbox systemd[1]: modprobe@drm.service: Deactivated successfully.
2025-07-08T18:01:27.570679+12:00 vbox systemd[1]: Finished Load Kernel Module drm.
2025-07-08T18:01:27.570691+12:00 vbox systemd-logind[1039]: New seat seat0.
2025-07-08T18:01:27.570698+12:00 vbox dbus-daemon[984]: [system] Successfully activated service 'org.freedesktop.login1'
2025-07-08T18:01:27.570705+12:00 vbox systemd[1]: sound-extra.service: Deactivated successfully.
2025-07-08T18:01:27.570710+12:00 vbox systemd-logind[1039]: Watching system buttons on /dev/input/event5 (Power Button)
2025-07-08T18:01:27.570458+12:00 vbox kernel: [    T1] UDP hash table entries: 4096 (order: 5, 131072 bytes, linear)
2025-07-08T18:01:27.570731+12:00 vbox kernel: [    T1] UDP-Lite hash table entries: 4096 (order: 5, 131072 bytes, linear)
2025-07-08T18:01:27.570716+12:00 vbox systemd-logind[1039]: Watching system buttons on /dev/input/event6 (Sleep Button)
2025-07-08T18:01:27.570885+12:00 vbox systemd-logind[1039]: Watching system buttons on /dev/input/event0 (AT Translated Set 2 keyboard)
2025-07-08T18:01:27.570897+12:00 vbox systemd[1]: Finished Load extra kernel modules for sound stuff.
2025-07-08T18:01:27.570901+12:00 vbox systemd[1]: Started User Login Management.
2025-07-08T18:01:27.570903+12:00 vbox systemd[1]: Reached target Sound Card.
2025-07-08T18:01:27.570906+12:00 vbox zypper[1145]: Forcing resync of AppStream metadata from repo cache into /var/cache/swcatalog
2025-07-08T18:01:27.570909+12:00 vbox ModemManager[1074]: <info>  ModemManager (version 1.20.6) starting in system bus...
2025-07-08T18:01:27.570920+12:00 vbox augenrules[1153]: No rules
2025-07-08T18:01:27.570923+12:00 vbox systemd[1]: Finished auditd rules generation.
2025-07-08T18:01:27.570926+12:00 vbox systemd[1]: Finished Apply settings from /etc/sysconfig/keyboard.
2025-07-08T18:01:27.570928+12:00 vbox systemd[1]: Started Synchronize AppStream metadata from repositories into AS-cache.
2025-07-08T18:01:27.570930+12:00 vbox systemd[1]: Started Modem Manager.
2025-07-08T18:01:27.570933+12:00 vbox avahi-daemon[983]: Server startup complete. Host name is linux.local. Local service cookie is 3963010892.
2025-07-08T18:01:27.570938+12:00 vbox systemd[1]: Started firewalld - dynamic firewall daemon.
2025-07-08T18:01:27.570941+12:00 vbox systemd[1]: Reached target Preparation for Network.
2025-07-08T18:01:27.570943+12:00 vbox systemd[1]: Starting Network Manager...
2025-07-08T18:01:27.570957+12:00 vbox dbus-daemon[984]: [system] Activating via systemd: service name='org.freedesktop.hostname1' unit='dbus-org.freedesktop.hostname1.service' requested by ':1.9' (uid=0 pid=1259 comm="/usr/sbin/NetworkManager --no-daemon ")
2025-07-08T18:01:27.570960+12:00 vbox systemd[1]: Starting Hostname Service...
2025-07-08T18:01:27.570962+12:00 vbox dbus-daemon[984]: [system] Successfully activated service 'org.freedesktop.hostname1'
2025-07-08T18:01:27.570965+12:00 vbox systemd[1]: Started Hostname Service.
2025-07-08T18:01:27.570977+12:00 vbox nscd: 1002 monitoring file `/etc/nsswitch.conf` (8)
2025-07-08T18:01:27.570982+12:00 vbox nscd: 1002 monitoring directory `/etc` (2)
2025-07-08T18:01:27.570985+12:00 vbox systemd-hostnamed[1275]: Hostname set to <localhost.localdomain> (transient)
2025-07-08T18:01:27.570987+12:00 vbox nscd: 1002 monitoring file `/etc/resolv.conf` (5)
2025-07-08T18:01:27.570992+12:00 vbox nscd: 1002 monitoring directory `/etc` (2)
2025-07-08T18:01:27.571012+12:00 vbox dbus-daemon[984]: [system] Activating via systemd: service name='org.freedesktop.nm_dispatcher' unit='dbus-org.freedesktop.nm-dispatcher.service' requested by ':1.9' (uid=0 pid=1259 comm="/usr/sbin/NetworkManager --no-daemon ")
2025-07-08T18:01:27.571062+12:00 vbox systemd[1]: Starting Network Manager Script Dispatcher Service...
2025-07-08T18:01:27.571064+12:00 vbox systemd[1]: Started Network Manager.
2025-07-08T18:01:27.571069+12:00 vbox systemd[1]: Reached target Network.
2025-07-08T18:01:27.571071+12:00 vbox systemd[1]: Starting Network Manager Wait Online...
2025-07-08T18:01:27.571073+12:00 vbox systemd[1]: Starting NTP client/server...
2025-07-08T18:01:27.571076+12:00 vbox systemd[1]: Starting Permit User Sessions...
2025-07-08T18:01:27.571079+12:00 vbox dbus-daemon[984]: [system] Successfully activated service 'org.freedesktop.nm_dispatcher'
2025-07-08T18:01:27.571081+12:00 vbox systemd[1]: Finished Permit User Sessions.
2025-07-08T18:01:27.571086+12:00 vbox systemd[1]: Started Network Manager Script Dispatcher Service.
2025-07-08T18:01:27.571088+12:00 vbox systemd[1]: Starting Hold until boot process finishes up...
2025-07-08T18:01:27.571091+12:00 vbox chronyd[1315]: chronyd version 4.1 starting (+CMDMON +NTP +REFCLOCK +RTC +PRIVDROP +SCFILTER +SIGND +ASYNCDNS +NTS +SECHASH +IPV6 -DEBUG)
2025-07-08T18:01:27.571094+12:00 vbox dns-dnsmasq.sh[1326]: <debug> NETWORKMANAGER_DNS_FORWARDER is not set to "dnsmasq" in /etc/sysconfig/network/config -> exit
2025-07-08T18:01:27.571098+12:00 vbox systemd[1]: Started NTP client/server.
2025-07-08T18:01:27.571100+12:00 vbox systemd[1]: Reached target System Time Synchronized.
2025-07-08T18:01:27.571106+12:00 vbox systemd[1]: Started Backup of RPM database.
2025-07-08T18:01:27.571108+12:00 vbox systemd[1]: Started Backup of /etc/sysconfig.
2025-07-08T18:01:27.571111+12:00 vbox systemd[1]: Started Balance block groups on a btrfs filesystem.
2025-07-08T18:01:27.571113+12:00 vbox systemd[1]: Started Defragment file data and/or directory metadata.
2025-07-08T18:01:27.571115+12:00 vbox systemd[1]: Started Scrub btrfs filesystem, verify block checksums.
2025-07-08T18:01:27.571118+12:00 vbox systemd[1]: Started Discard unused blocks on a mounted filesystem.
2025-07-08T18:01:27.571123+12:00 vbox systemd[1]: Started Check if mainboard battery is Ok.
2025-07-08T18:01:27.571125+12:00 vbox systemd[1]: Started Discard unused filesystem blocks once a week.
2025-07-08T18:01:27.571128+12:00 vbox systemd[1]: Started Daily rotation of log files.
2025-07-08T18:01:27.571130+12:00 vbox systemd[1]: Started Do daily mandb update.
2025-07-08T18:01:27.571132+12:00 vbox systemd[1]: Started Timeline of Snapper Snapshots.
2025-07-08T18:01:27.571135+12:00 vbox systemd[1]: Reached target Timer Units.
2025-07-08T18:01:27.571137+12:00 vbox systemd[1]: Starting X Display Manager...
2025-07-08T18:01:27.571145+12:00 vbox systemd[1]: Starting Postfix Mail Transport Agent...
2025-07-08T18:01:27.571147+12:00 vbox dns-dnsmasq.sh[1355]: <debug> NETWORKMANAGER_DNS_FORWARDER is not set to "dnsmasq" in /etc/sysconfig/network/config -> exit
2025-07-08T18:01:27.570733+12:00 vbox kernel: [    T1] NET: Registered PF_UNIX/PF_LOCAL protocol family
2025-07-08T18:01:27.571472+12:00 vbox kernel: [    T1] NET: Registered PF_XDP protocol family
2025-07-08T18:01:27.571476+12:00 vbox kernel: [    T1] pci_bus 0000:00: resource 4 [io  0x0000-0x0cf7 window]
2025-07-08T18:01:27.571485+12:00 vbox kernel: [    T1] pci_bus 0000:00: resource 5 [io  0x0d00-0xffff window]
2025-07-08T18:01:27.571486+12:00 vbox kernel: [    T1] pci_bus 0000:00: resource 6 [mem 0x000a0000-0x000bffff window]
2025-07-08T18:01:27.571487+12:00 vbox kernel: [    T1] pci_bus 0000:00: resource 7 [mem 0xe0000000-0xfdffffff window]
2025-07-08T18:01:27.571488+12:00 vbox kernel: [    T1] pci 0000:00:00.0: Limiting direct PCI/PCI transfers
2025-07-08T18:01:27.571488+12:00 vbox kernel: [    T1] PCI: CLS 0 bytes, default 64
2025-07-08T18:01:27.571489+12:00 vbox kernel: [    T1] PCI-DMA: Using software bounce buffering for IO (SWIOTLB)
2025-07-08T18:01:27.571493+12:00 vbox kernel: [    T1] software IO TLB: mapped [mem 0x00000000dbff0000-0x00000000dfff0000] (64MB)
2025-07-08T18:01:27.571493+12:00 vbox kernel: [   T39] Trying to unpack rootfs image as initramfs...
2025-07-08T18:01:27.571494+12:00 vbox kernel: [    T1] RAPL PMU: API unit is 2^-32 Joules, 0 fixed counters, 335544320 ms ovfl timer
2025-07-08T18:01:27.571555+12:00 vbox kernel: [    T1] clocksource: tsc: mask: 0xffffffffffffffff max_cycles: 0x23fa80a809f, max_idle_ns: 440795273818 ns
2025-07-08T18:01:27.571556+12:00 vbox kernel: [    T1] clocksource: Switched to clocksource tsc
2025-07-08T18:01:27.571556+12:00 vbox kernel: [    T1] platform rtc_cmos: registered platform RTC device (no PNP device found)
2025-07-08T18:01:27.571557+12:00 vbox kernel: [    T1] Initialise system trusted keyrings
2025-07-08T18:01:27.571561+12:00 vbox kernel: [    T1] Key type blacklist registered
2025-07-08T18:01:27.571561+12:00 vbox kernel: [    T1] workingset: timestamp_bits=36 max_order=21 bucket_order=0
2025-07-08T18:01:27.571562+12:00 vbox kernel: [    T1] zbud: loaded
2025-07-08T18:01:27.571563+12:00 vbox kernel: [    T1] integrity: Platform Keyring initialized
2025-07-08T18:01:27.571563+12:00 vbox kernel: [    T1] integrity: Machine keyring initialized
2025-07-08T18:01:27.571564+12:00 vbox kernel: [    T1] Key type asymmetric registered
2025-07-08T18:01:27.571567+12:00 vbox kernel: [    T1] Asymmetric key parser 'x509' registered
2025-07-08T18:01:27.571567+12:00 vbox kernel: [   T39] Freeing initrd memory: 25972K
2025-07-08T18:01:27.571568+12:00 vbox kernel: [    T1] Block layer SCSI generic (bsg) driver version 0.4 loaded (major 246)
2025-07-08T18:01:27.571568+12:00 vbox kernel: [    T1] io scheduler mq-deadline registered
2025-07-08T18:01:27.571569+12:00 vbox kernel: [    T1] io scheduler kyber registered
2025-07-08T18:01:27.571569+12:00 vbox kernel: [    T1] io scheduler bfq registered
2025-07-08T18:01:27.571572+12:00 vbox kernel: [    T1] shpchp: Standard Hot Plug PCI Controller Driver version: 0.4
2025-07-08T18:01:27.571573+12:00 vbox kernel: [    T1] Serial: 8250/16550 driver, 32 ports, IRQ sharing enabled
2025-07-08T18:01:27.571574+12:00 vbox kernel: [    T1] Non-volatile memory driver v1.3
2025-07-08T18:01:27.571574+12:00 vbox kernel: [    T1] Linux agpgart interface v0.103
2025-07-08T18:01:27.571575+12:00 vbox kernel: [    T1] ACPI: bus type drm_connector registered
2025-07-08T18:01:27.571575+12:00 vbox kernel: [    T1] i8042: PNP: PS/2 Controller [PNP0303:PS2K,PNP0f03:PS2M] at 0x60,0x64 irq 1,12
2025-07-08T18:01:27.571576+12:00 vbox kernel: [    T1] serio: i8042 KBD port at 0x60,0x64 irq 1
2025-07-08T18:01:27.571578+12:00 vbox kernel: [    T1] serio: i8042 AUX port at 0x60,0x64 irq 12
2025-07-08T18:01:27.571579+12:00 vbox kernel: [    T1] mousedev: PS/2 mouse device common for all mice
2025-07-08T18:01:27.571580+12:00 vbox kernel: [    T1] rtc_cmos rtc_cmos: registered as rtc0
2025-07-08T18:01:27.571580+12:00 vbox kernel: [    T1] rtc_cmos rtc_cmos: setting system clock to 2025-07-08T06:01:08 UTC (1751954468)
2025-07-08T18:01:27.571581+12:00 vbox kernel: [    T1] rtc_cmos rtc_cmos: alarms up to one day, 114 bytes nvram
2025-07-08T18:01:27.571581+12:00 vbox kernel: [    T9] input: AT Translated Set 2 keyboard as /devices/platform/i8042/serio0/input/input0
2025-07-08T18:01:27.571585+12:00 vbox kernel: [    T1] intel_pstate: CPU model not supported
2025-07-08T18:01:27.571586+12:00 vbox kernel: [    T1] ledtrig-cpu: registered to indicate activity on CPUs
2025-07-08T18:01:27.571586+12:00 vbox kernel: [    T1] vesafb: mode is 640x480x32, linelength=2560, pages=0
2025-07-08T18:01:27.571587+12:00 vbox kernel: [    T1] vesafb: scrolling: redraw
2025-07-08T18:01:27.571587+12:00 vbox kernel: [    T1] vesafb: Truecolor: size=8:8:8:8, shift=24:16:8:0
2025-07-08T18:01:27.571588+12:00 vbox kernel: [    T1] vesafb: framebuffer at 0xe0000000, mapped to 0x0000000036d0cb30, using 1216k, total 1216k
2025-07-08T18:01:27.571588+12:00 vbox kernel: [    T1] Console: switching to colour frame buffer device 80x30
2025-07-08T18:01:27.571591+12:00 vbox kernel: [    T1] fb0: VESA VGA frame buffer device
2025-07-08T18:01:27.571592+12:00 vbox kernel: [    T1] hid: raw HID events driver (C) Jiri Kosina
2025-07-08T18:01:27.571592+12:00 vbox kernel: [    T1] drop_monitor: Initializing network drop monitor service
2025-07-08T18:01:27.571593+12:00 vbox kernel: [    T1] NET: Registered PF_INET6 protocol family
2025-07-08T18:01:27.571593+12:00 vbox kernel: [    T1] Segment Routing with IPv6
2025-07-08T18:01:27.571594+12:00 vbox kernel: [    T1] RPL Segment Routing with IPv6
2025-07-08T18:01:27.571597+12:00 vbox kernel: [    T1] In-situ OAM (IOAM) with IPv6
2025-07-08T18:01:27.571597+12:00 vbox kernel: [    T1] IPI shorthand broadcast: enabled
2025-07-08T18:01:27.571598+12:00 vbox kernel: [    T1] sched_clock: Marking stable (610348832, 7792926)->(693105899, -74964141)
2025-07-08T18:01:27.571598+12:00 vbox kernel: [    T1] registered taskstats version 1
2025-07-08T18:01:27.571599+12:00 vbox kernel: [    T1] Loading compiled-in X.509 certificates
2025-07-08T18:01:27.571599+12:00 vbox kernel: [    T1] Loaded X.509 cert 'SUSE Linux Enterprise Secure Boot Signkey: a746b64b6cb71f13385638055f46162bac632acd'
2025-07-08T18:01:27.571602+12:00 vbox kernel: [    T1] page_owner is disabled
2025-07-08T18:01:27.571603+12:00 vbox kernel: [    T1] Key type .fscrypt registered
2025-07-08T18:01:27.571603+12:00 vbox kernel: [    T1] Key type fscrypt-provisioning registered
2025-07-08T18:01:27.571604+12:00 vbox kernel: [    T1] Key type encrypted registered
2025-07-08T18:01:27.571604+12:00 vbox kernel: [    T1] AppArmor: AppArmor sha1 policy hashing enabled
2025-07-08T18:01:27.571605+12:00 vbox kernel: [    T1] ima: No TPM chip found, activating TPM-bypass!
2025-07-08T18:01:27.571605+12:00 vbox kernel: [    T1] Loading compiled-in module X.509 certificates
2025-07-08T18:01:27.571608+12:00 vbox kernel: [    T1] Loaded X.509 cert 'SUSE Linux Enterprise Secure Boot Signkey: a746b64b6cb71f13385638055f46162bac632acd'
2025-07-08T18:01:27.571609+12:00 vbox kernel: [    T1] ima: Allocated hash algorithm: sha256
2025-07-08T18:01:27.571610+12:00 vbox kernel: [    T1] ima: No architecture policies found
2025-07-08T18:01:27.571610+12:00 vbox kernel: [    T1] evm: Initialising EVM extended attributes:
2025-07-08T18:01:27.571611+12:00 vbox kernel: [    T1] evm: security.selinux
2025-07-08T18:01:27.571611+12:00 vbox kernel: [    T1] evm: security.SMACK64 (disabled)
2025-07-08T18:01:27.571616+12:00 vbox kernel: [    T1] evm: security.SMACK64EXEC (disabled)
2025-07-08T18:01:27.571616+12:00 vbox kernel: [    T1] evm: security.SMACK64TRANSMUTE (disabled)
2025-07-08T18:01:27.571617+12:00 vbox kernel: [    T1] evm: security.SMACK64MMAP (disabled)
2025-07-08T18:01:27.571617+12:00 vbox kernel: [    T1] evm: security.apparmor
2025-07-08T18:01:27.571618+12:00 vbox kernel: [    T1] evm: security.ima
2025-07-08T18:01:27.571618+12:00 vbox kernel: [    T1] evm: security.capability
2025-07-08T18:01:27.571622+12:00 vbox kernel: [    T1] evm: HMAC attrs: 0x1
2025-07-08T18:01:27.571623+12:00 vbox kernel: [    T1] Running certificate verification RSA selftest
2025-07-08T18:01:27.571623+12:00 vbox kernel: [    T1] Loaded X.509 cert 'Certificate verification self-testing key: f58703bb33ce1b73ee02eccdee5b8817518fe3db'
2025-07-08T18:01:27.571624+12:00 vbox kernel: [    T1] Running certificate verification ECDSA selftest
2025-07-08T18:01:27.571624+12:00 vbox kernel: [    T1] Loaded X.509 cert 'Certificate verification ECDSA self-testing key: 2900bcea1deb7bc8479a84a23d758efdfdd2b2d3'
2025-07-08T18:01:27.571625+12:00 vbox kernel: [    T1] PM:   Magic number: 1:203:13
2025-07-08T18:01:27.571628+12:00 vbox kernel: [    T1] RAS: Correctable Errors collector initialized.
2025-07-08T18:01:27.571629+12:00 vbox kernel: [    T1] clk: Disabling unused clocks
2025-07-08T18:01:27.571629+12:00 vbox kernel: [    T1] Freeing unused decrypted memory: 2028K
2025-07-08T18:01:27.571630+12:00 vbox kernel: [    T1] Freeing unused kernel image (initmem) memory: 4088K
2025-07-08T18:01:27.571630+12:00 vbox kernel: [    T1] Write protecting the kernel read-only data: 30720k
2025-07-08T18:01:27.571631+12:00 vbox kernel: [    T1] Freeing unused kernel image (rodata/data gap) memory: 1636K
2025-07-08T18:01:27.571631+12:00 vbox kernel: [    T1] Run /init as init process
2025-07-08T18:01:27.571634+12:00 vbox kernel: [    T1]   with arguments:
2025-07-08T18:01:27.571635+12:00 vbox kernel: [    T1]     /init
2025-07-08T18:01:27.571635+12:00 vbox kernel: [    T1]   with environment:
2025-07-08T18:01:27.571636+12:00 vbox kernel: [    T1]     HOME=/
2025-07-08T18:01:27.571636+12:00 vbox kernel: [    T1]     TERM=linux
2025-07-08T18:01:27.571637+12:00 vbox kernel: [    T1]     BOOT_IMAGE=/boot/vmlinuz-6.4.0-150600.23.53-default
2025-07-08T18:01:27.571640+12:00 vbox kernel: [    T1]     splash=silent
2025-07-08T18:01:27.571642+12:00 vbox kernel: [    T9] input: ImExPS/2 Generic Explorer Mouse as /devices/platform/i8042/serio1/input/input2
2025-07-08T18:01:27.571150+12:00 vbox echo[1347]: Starting mail service (Postfix)
2025-07-08T18:01:27.571673+12:00 vbox display-manager[1376]: /etc/vconsole.conf available
2025-07-08T18:01:27.571692+12:00 vbox display-manager[1376]: KEYMAP: us
2025-07-08T18:01:27.571697+12:00 vbox kernel: [  T188] NET: Registered PF_VSOCK protocol family
2025-07-08T18:01:27.571698+12:00 vbox kernel: [  T188] Guest personality initialized and is inactive
2025-07-08T18:01:27.571698+12:00 vbox kernel: [  T188] VMCI host device registered (name=vmci, major=10, minor=122)
2025-07-08T18:01:27.571699+12:00 vbox kernel: [  T188] Initialized host personality
2025-07-08T18:01:27.571703+12:00 vbox kernel: [  T337] device-mapper: uevent: version 1.0.3
2025-07-08T18:01:27.571704+12:00 vbox kernel: [  T337] device-mapper: ioctl: 4.48.0-ioctl (2023-03-01) initialised: dm-devel@lists.linux.dev
2025-07-08T18:01:27.571704+12:00 vbox kernel: [  T347] raid6: sse2x4   gen() 358692 MB/s
2025-07-08T18:01:27.571705+12:00 vbox kernel: [    C2] clocksource: Long readout interval, skipping watchdog check: cs_nsec: 2072931721 wd_nsec: 2072930842
2025-07-08T18:01:27.571705+12:00 vbox kernel: [  T347] raid6: sse2x2   gen() 455114 MB/s
2025-07-08T18:01:27.571706+12:00 vbox kernel: [  T347] raid6: sse2x1   gen() 386452 MB/s
2025-07-08T18:01:27.571707+12:00 vbox kernel: [  T347] raid6: using algorithm sse2x2 gen() 455114 MB/s
2025-07-08T18:01:27.571714+12:00 vbox kernel: [  T347] raid6: .... xor() 16838 MB/s, rmw enabled
2025-07-08T18:01:27.571714+12:00 vbox kernel: [  T347] raid6: using ssse3x2 recovery algorithm
2025-07-08T18:01:27.571715+12:00 vbox kernel: [  T347] xor: measuring software checksum speed
2025-07-08T18:01:27.571715+12:00 vbox kernel: [  T347]    prefetch64-sse  : 31654 MB/sec
2025-07-08T18:01:27.571716+12:00 vbox kernel: [  T347]    generic_sse     : 39999 MB/sec
2025-07-08T18:01:27.571716+12:00 vbox kernel: [  T347] xor: using function: generic_sse (39999 MB/sec)
2025-07-08T18:01:27.571719+12:00 vbox kernel: [  T347] Btrfs loaded, assert=on, zoned=yes, fsverity=yes
2025-07-08T18:01:27.571720+12:00 vbox kernel: [  T370] vboxguest: loading out-of-tree module taints kernel.
2025-07-08T18:01:27.571720+12:00 vbox kernel: [  T370] vboxguest: module verification failed: signature and/or required key missing - tainting kernel
2025-07-08T18:01:27.571721+12:00 vbox kernel: [  T385] SCSI subsystem initialized
2025-07-08T18:01:27.571721+12:00 vbox kernel: [  T370] vgdrvHeartbeatInit: Setting up heartbeat to trigger every 2000 milliseconds
2025-07-08T18:01:27.571722+12:00 vbox kernel: [  T370] Host supports full mouse state reporting, switching to extended mouse integration protocol
2025-07-08T18:01:27.571725+12:00 vbox kernel: [  T370] input: VirtualBox mouse integration as /devices/pci0000:00/0000:00:04.0/input/input3
2025-07-08T18:01:27.571698+12:00 vbox display-manager[1376]: Command: localectl set-keymap us
2025-07-08T18:01:27.571726+12:00 vbox kernel: [   T39] ACPI: battery: Slot [BAT0] (battery present)
2025-07-08T18:01:27.571728+12:00 vbox kernel: [  T370] vboxguest: Successfully loaded version 7.1.4 r165100
2025-07-08T18:01:27.571728+12:00 vbox kernel: [  T370] vboxguest: misc device minor 121, IRQ 20, I/O port d040, MMIO at 00000000f0400000 (size 0x400000)
2025-07-08T18:01:27.571729+12:00 vbox kernel: [  T370] vboxguest: Successfully loaded version 7.1.4 r165100 (interface 0x00010004)
2025-07-08T18:01:27.571729+12:00 vbox kernel: [  T382] ACPI: video: Video Device [GFX0] (multi-head: yes  rom: no  post: no)
2025-07-08T18:01:27.571732+12:00 vbox kernel: [  T382] input: Video Bus as /devices/LNXSYSTM:00/LNXSYBUS:00/PNP0A03:00/LNXVIDEO:00/input/input4
2025-07-08T18:01:27.571733+12:00 vbox kernel: [  T376] ACPI: bus type USB registered
2025-07-08T18:01:27.571734+12:00 vbox kernel: [  T376] usbcore: registered new interface driver usbfs
2025-07-08T18:01:27.571734+12:00 vbox kernel: [  T376] usbcore: registered new interface driver hub
2025-07-08T18:01:27.571735+12:00 vbox kernel: [  T376] usbcore: registered new device driver usb
2025-07-08T18:01:27.571735+12:00 vbox kernel: [  T380] cryptd: max_cpu_qlen set to 1000
2025-07-08T18:01:27.571735+12:00 vbox kernel: [  T390] SSE version of gcm_enc/dec engaged.
2025-07-08T18:01:27.571732+12:00 vbox dbus-daemon[984]: [system] Activating via systemd: service name='org.freedesktop.locale1' unit='dbus-org.freedesktop.locale1.service' requested by ':1.13' (uid=0 pid=1377 comm="localectl set-x11-keymap us ")
2025-07-08T18:01:27.571738+12:00 vbox kernel: [   T39] ehci-pci 0000:00:0b.0: EHCI Host Controller
2025-07-08T18:01:27.571740+12:00 vbox kernel: [   T39] ehci-pci 0000:00:0b.0: new USB bus registered, assigned bus number 1
2025-07-08T18:01:27.571741+12:00 vbox kernel: [   T39] ehci-pci 0000:00:0b.0: irq 19, io mem 0xf0805000
2025-07-08T18:01:27.571741+12:00 vbox kernel: [   T39] ehci-pci 0000:00:0b.0: USB 2.0 started, EHCI 1.00
2025-07-08T18:01:27.571742+12:00 vbox kernel: [   T39] usb usb1: New USB device found, idVendor=1d6b, idProduct=0002, bcdDevice= 6.04
2025-07-08T18:01:27.571742+12:00 vbox kernel: [   T39] usb usb1: New USB device strings: Mfr=3, Product=2, SerialNumber=1
2025-07-08T18:01:27.571742+12:00 vbox systemd[1]: Starting Locale Service...
2025-07-08T18:01:27.571909+12:00 vbox dns-dnsmasq.sh[1387]: <debug> NETWORKMANAGER_DNS_FORWARDER is not set to "dnsmasq" in /etc/sysconfig/network/config -> exit
2025-07-08T18:01:27.571925+12:00 vbox dbus-daemon[984]: [system] Successfully activated service 'org.freedesktop.locale1'
2025-07-08T18:01:27.571934+12:00 vbox systemd-localed[1382]: The X11 keyboard layout 'us' is converted to virtual console keymap 'us'
2025-07-08T18:01:27.571966+12:00 vbox systemd-localed[1382]: Changed X11 keyboard layout to 'us' model '' variant '' options ''
2025-07-08T18:01:27.571975+12:00 vbox display-manager[1376]: I: Using systemd /usr/share/systemd/kbd-model-map mapping
2025-07-08T18:01:27.571745+12:00 vbox kernel: [   T39] usb usb1: Product: EHCI Host Controller
2025-07-08T18:01:27.571981+12:00 vbox systemd-localed[1382]: The virtual console keymap 'us' is converted to X11 keyboard layout 'us' model 'pc105+inet' variant '' options 'terminate:ctrl_alt_bksp'
2025-07-08T18:01:27.572235+12:00 vbox systemd-localed[1382]: Changed virtual console keymap to 'us' toggle ''
2025-07-08T18:01:27.572241+12:00 vbox systemd[1]: Started Locale Service.
2025-07-08T18:01:27.572257+12:00 vbox systemd[1]: kbdsettings.service: Deactivated successfully.
2025-07-08T18:01:27.572264+12:00 vbox nscd: 1002 monitoring file `/etc/nsswitch.conf` (8)
2025-07-08T18:01:27.572269+12:00 vbox nscd: 1002 monitoring directory `/etc` (2)
2025-07-08T18:01:27.572272+12:00 vbox nscd: 1002 monitoring file `/etc/resolv.conf` (5)
2025-07-08T18:01:27.572274+12:00 vbox nscd: 1002 monitoring directory `/etc` (2)
2025-07-08T18:01:27.572277+12:00 vbox (storecon)[1390]: postfix.service: Executable /sbin/restorecon missing, skipping: No such file or directory
2025-07-08T18:01:27.572280+12:00 vbox systemd[1]: Stopped Apply settings from /etc/sysconfig/keyboard.
2025-07-08T18:01:27.572282+12:00 vbox systemd[1]: Stopping Apply settings from /etc/sysconfig/keyboard...
2025-07-08T18:01:27.572284+12:00 vbox systemd[1]: systemd-vconsole-setup.service: Deactivated successfully.
2025-07-08T18:01:27.572289+12:00 vbox systemd[1]: Stopped Virtual Console Setup.
2025-07-08T18:01:27.572292+12:00 vbox systemd[1]: Stopping Virtual Console Setup...
2025-07-08T18:01:27.572296+12:00 vbox systemd[1]: Starting Virtual Console Setup...
2025-07-08T18:01:27.572299+12:00 vbox systemd[1]: run-credentials-systemd\x2dvconsole\x2dsetup.service.mount: Deactivated successfully.
2025-07-08T18:01:27.572301+12:00 vbox systemd[1]: Received SIGRTMIN+21 from PID 397 (plymouthd).
2025-07-08T18:01:27.572303+12:00 vbox ModemManager[1074]: <info>  [base-manager] couldn't check support for device '/sys/devices/pci0000:00/0000:00:03.0': not supported by any plugin
2025-07-08T18:01:27.572309+12:00 vbox dbus-daemon[984]: [system] Activating via systemd: service name='org.freedesktop.Accounts' unit='accounts-daemon.service' requested by ':1.16' (uid=0 pid=1414 comm="/usr/sbin/gdm ")
2025-07-08T18:01:27.572311+12:00 vbox config_postfix[1422]: First configuration of postfix
2025-07-08T18:01:27.572314+12:00 vbox dns-dnsmasq.sh[1442]: <debug> NETWORKMANAGER_DNS_FORWARDER is not set to "dnsmasq" in /etc/sysconfig/network/config -> exit
2025-07-08T18:01:27.572317+12:00 vbox systemd[1]: Starting Accounts Service...
2025-07-08T18:01:27.572319+12:00 vbox config_postfix[1440]: Reading /etc/sysconfig and updating the system...
2025-07-08T18:01:27.572324+12:00 vbox config_postfix[1469]: hostname: Name or service not known
2025-07-08T18:01:27.572327+12:00 vbox dns-dnsmasq.sh[1468]: <debug> NETWORKMANAGER_DNS_FORWARDER is not set to "dnsmasq" in /etc/sysconfig/network/config -> exit
2025-07-08T18:01:27.572330+12:00 vbox accounts-daemon[1439]: started daemon version 23.13.9
2025-07-08T18:01:27.572333+12:00 vbox dbus-daemon[984]: [system] Successfully activated service 'org.freedesktop.Accounts'
2025-07-08T18:01:27.572336+12:00 vbox systemd[1]: Started Accounts Service.
2025-07-08T18:01:27.572338+12:00 vbox systemd[1]: Finished Virtual Console Setup.
2025-07-08T18:01:27.572343+12:00 vbox systemd[1]: Starting Apply settings from /etc/sysconfig/keyboard...
2025-07-08T18:01:27.572345+12:00 vbox systemd[1]: appstream-sync-cache.service: Deactivated successfully.
2025-07-08T18:01:27.572348+12:00 vbox systemd[1]: appstream-sync-cache.service: Consumed 3.050s CPU time.
2025-07-08T18:01:27.572350+12:00 vbox systemd[1]: Created slice User Slice of UID 457.
2025-07-08T18:01:27.572352+12:00 vbox systemd[1]: Starting User Runtime Directory /run/user/457...
2025-07-08T18:01:27.572355+12:00 vbox systemd-logind[1039]: New session c1 of user gdm.
2025-07-08T18:01:27.572357+12:00 vbox display-manager[1333]: Starting service gdm..done
2025-07-08T18:01:27.572362+12:00 vbox systemd[1]: Started X Display Manager.
2025-07-08T18:01:27.572365+12:00 vbox systemd[1]: Finished User Runtime Directory /run/user/457.
2025-07-08T18:01:27.572386+12:00 vbox systemd[1]: Starting User Manager for UID 457...
2025-07-08T18:01:27.572388+12:00 vbox (systemd): pam_unix(systemd-user:session): session opened for user gdm by (uid=0)
2025-07-08T18:01:27.572394+12:00 vbox systemd[1]: Finished Apply settings from /etc/sysconfig/keyboard.
2025-07-08T18:01:27.572402+12:00 vbox avahi-daemon[983]: Joining mDNS multicast group on interface eth0.IPv6 with address fe80::a00:27ff:fe7f:1978.
2025-07-08T18:01:27.572404+12:00 vbox avahi-daemon[983]: New relevant interface eth0.IPv6 for mDNS.
2025-07-08T18:01:27.572408+12:00 vbox avahi-daemon[983]: Registering new address record for fe80::a00:27ff:fe7f:1978 on eth0.*.
2025-07-08T18:01:27.572418+12:00 vbox nscd: 1002 monitoring file `/etc/nsswitch.conf` (8)
2025-07-08T18:01:27.572421+12:00 vbox nscd: 1002 monitoring directory `/etc` (2)
2025-07-08T18:01:27.572426+12:00 vbox systemd-hostnamed[1275]: Hostname set to <vbox> (transient)
2025-07-08T18:01:27.572428+12:00 vbox nscd: 1002 monitoring file `/etc/resolv.conf` (5)
2025-07-08T18:01:27.572431+12:00 vbox nscd: 1002 monitoring directory `/etc` (2)
2025-07-08T18:01:27.572433+12:00 vbox avahi-daemon[983]: Files changed, reloading.
2025-07-08T18:01:27.572435+12:00 vbox avahi-daemon[983]: No service file found in /etc/avahi/services.
2025-07-08T18:01:27.572437+12:00 vbox avahi-daemon[983]: Files changed, reloading.
2025-07-08T18:01:27.572442+12:00 vbox nscd: 1002 ignored inotify event for `/etc/resolv.conf` (file exists)
2025-07-08T18:01:27.572444+12:00 vbox avahi-daemon[983]: No service file found in /etc/avahi/services.
2025-07-08T18:01:27.572447+12:00 vbox nscd: 1002 ignored inotify event for `/etc/resolv.conf` (file exists)
2025-07-08T18:01:27.572449+12:00 vbox systemd[1563]: Queued start job for default target Main User Target.
2025-07-08T18:01:27.572451+12:00 vbox systemd[1563]: Created slice User Application Slice.
2025-07-08T18:01:27.572454+12:00 vbox systemd[1563]: Started Daily Cleanup of User's Temporary Directories.
2025-07-08T18:01:27.572457+12:00 vbox systemd[1563]: Reached target Paths.
2025-07-08T18:01:27.572464+12:00 vbox systemd[1563]: Reached target Timers.
2025-07-08T18:01:27.572017+12:00 vbox kernel: [   T39] usb usb1: Manufacturer: Linux 6.4.0-150600.23.53-default ehci_hcd
2025-07-08T18:01:27.572466+12:00 vbox systemd[1563]: Starting D-Bus User Message Bus Socket...
2025-07-08T18:01:27.572470+12:00 vbox systemd[1563]: Listening on PipeWire Multimedia System Sockets.
2025-07-08T18:01:27.572472+12:00 vbox kernel: [   T39] usb usb1: SerialNumber: 0000:00:0b.0
2025-07-08T18:01:27.572472+12:00 vbox systemd[1563]: Listening on Sound System.
2025-07-08T18:01:27.572474+12:00 vbox kernel: [   T39] hub 1-0:1.0: USB hub found
2025-07-08T18:01:27.572476+12:00 vbox kernel: [   T39] hub 1-0:1.0: 12 ports detected
2025-07-08T18:01:27.572475+12:00 vbox systemd[1563]: Starting Create User Files and Directories...
2025-07-08T18:01:27.572477+12:00 vbox kernel: [  T376] ohci-pci 0000:00:06.0: OHCI PCI host controller
2025-07-08T18:01:27.572478+12:00 vbox kernel: [  T376] ohci-pci 0000:00:06.0: new USB bus registered, assigned bus number 2
2025-07-08T18:01:27.572478+12:00 vbox systemd[1563]: Finished Create User Files and Directories.
2025-07-08T18:01:27.572484+12:00 vbox systemd[1563]: Listening on D-Bus User Message Bus Socket.
2025-07-08T18:01:27.572486+12:00 vbox systemd[1563]: Reached target Sockets.
2025-07-08T18:01:27.572488+12:00 vbox systemd[1563]: Reached target Basic System.
2025-07-08T18:01:27.572490+12:00 vbox systemd[1563]: Reached target Main User Target.
2025-07-08T18:01:27.572492+12:00 vbox systemd[1563]: Startup finished in 435ms.
2025-07-08T18:01:27.572494+12:00 vbox systemd[1]: Started User Manager for UID 457.
2025-07-08T18:01:27.572499+12:00 vbox systemd[1]: Started Session c1 of User gdm.
2025-07-08T18:01:27.572502+12:00 vbox gdm-launch-environment]: pam_unix(gdm-launch-environment:session): session opened for user gdm by (uid=0)
2025-07-08T18:01:27.572866+12:00 vbox systemd[1563]: Started D-Bus User Message Bus.
2025-07-08T18:01:27.572876+12:00 vbox config_postfix[1440]: Setting up postfix local as MDA...
2025-07-08T18:01:27.572880+12:00 vbox avahi-daemon[983]: Joining mDNS multicast group on interface eth0.IPv4 with address 10.0.2.15.
2025-07-08T18:01:27.572502+12:00 vbox kernel: [  T376] ohci-pci 0000:00:06.0: irq 22, io mem 0xf0804000
2025-07-08T18:01:27.572897+12:00 vbox kernel: [  T371] Console: switching to colour dummy device 80x25
2025-07-08T18:01:27.572899+12:00 vbox kernel: [  T371] vmwgfx 0000:00:02.0: vgaarb: deactivate vga console
2025-07-08T18:01:27.572900+12:00 vbox kernel: [  T371] vmwgfx 0000:00:02.0: [drm] FIFO at 0x00000000f0000000 size is 2048 kiB
2025-07-08T18:01:27.572900+12:00 vbox kernel: [  T371] vmwgfx 0000:00:02.0: [drm] VRAM at 0x00000000e0000000 size is 16384 kiB
2025-07-08T18:01:27.572901+12:00 vbox kernel: [  T371] vmwgfx 0000:00:02.0: [drm] Running on SVGA version 2.
2025-07-08T18:01:27.572905+12:00 vbox avahi-daemon[983]: New relevant interface eth0.IPv4 for mDNS.
2025-07-08T18:01:27.572909+12:00 vbox avahi-daemon[983]: Registering new address record for 10.0.2.15 on eth0.IPv4.
2025-07-08T18:01:27.572912+12:00 vbox kernel: [  T371] vmwgfx 0000:00:02.0: [drm] Capabilities: rect copy, cursor, cursor bypass, cursor bypass 2, alpha cursor, extended fifo, pitchlock, irq mask, gmr, traces, gmr2, screen object 2, command buffers, gbobject, 
2025-07-08T18:01:27.572912+12:00 vbox config_postfix[1440]: Setting SPAM protection to "off"...
2025-07-08T18:01:27.572914+12:00 vbox kernel: [  T371] vmwgfx 0000:00:02.0: [drm] *ERROR* vmwgfx seems to be running on an unsupported hypervisor.
2025-07-08T18:01:27.572915+12:00 vbox kernel: [  T371] vmwgfx 0000:00:02.0: [drm] *ERROR* This configuration is likely broken.
2025-07-08T18:01:27.572915+12:00 vbox kernel: [  T371] vmwgfx 0000:00:02.0: [drm] *ERROR* Please switch to a supported graphics device to avoid problems.
2025-07-08T18:01:27.572916+12:00 vbox kernel: [  T371] vmwgfx 0000:00:02.0: [drm] DMA map mode: Caching DMA mappings.
2025-07-08T18:01:27.572916+12:00 vbox kernel: [  T371] vmwgfx 0000:00:02.0: [drm] Legacy memory limits: VRAM = 16384 kB, FIFO = 2048 kB, surface = 507904 kB
2025-07-08T18:01:27.572916+12:00 vbox dns-dnsmasq.sh[1782]: <debug> NETWORKMANAGER_DNS_FORWARDER is not set to "dnsmasq" in /etc/sysconfig/network/config -> exit
2025-07-08T18:01:27.572920+12:00 vbox kernel: [  T371] vmwgfx 0000:00:02.0: [drm] MOB limits: max mob size = 131072 kB, max mob pages = 4096
2025-07-08T18:01:27.572920+12:00 vbox kernel: [  T371] vmwgfx 0000:00:02.0: [drm] Max GMR ids is 8192
2025-07-08T18:01:27.572921+12:00 vbox kernel: [  T371] vmwgfx 0000:00:02.0: [drm] Max number of GMR pages is 1048576
2025-07-08T18:01:27.572922+12:00 vbox kernel: [  T371] vmwgfx 0000:00:02.0: [drm] Maximum display memory size is 16384 kiB
2025-07-08T18:01:27.572919+12:00 vbox /usr/lib/gdm/gdm-wayland-session[1728]: dbus-daemon[1728]: [session uid=457 pid=1728] Activating service name='org.freedesktop.systemd1' requested by ':1.2' (uid=457 pid=1730 comm="/usr/lib/gnome-session-binary --autostart /usr/sha")
2025-07-08T18:01:27.572923+12:00 vbox kernel: [  T381] alua: device handler registered
2025-07-08T18:01:27.572925+12:00 vbox kernel: [  T385] rdac: device handler registered
2025-07-08T18:01:27.572930+12:00 vbox kernel: [  T381] emc: device handler registered
2025-07-08T18:01:27.572931+12:00 vbox kernel: [  T371] vmwgfx 0000:00:02.0: [drm] Screen Target display unit initialized
2025-07-08T18:01:27.572931+12:00 vbox kernel: [  T371] vmwgfx 0000:00:02.0: [drm] Fifo max 0x00200000 min 0x00001000 cap 0x00000355
2025-07-08T18:01:27.572926+12:00 vbox /usr/lib/gdm/gdm-wayland-session[1728]: dbus-daemon[1728]: [session uid=457 pid=1728] Activated service 'org.freedesktop.systemd1' failed: Process org.freedesktop.systemd1 exited with status 1
2025-07-08T18:01:27.572932+12:00 vbox kernel: [  T371] vmwgfx 0000:00:02.0: [drm] Using command buffers with DMA pool.
2025-07-08T18:01:27.572932+12:00 vbox kernel: [  T371] vmwgfx 0000:00:02.0: [drm] Available shader model: Legacy.
2025-07-08T18:01:27.572933+12:00 vbox kernel: [  T371] [drm] Initialized vmwgfx 2.20.0 20211206 for 0000:00:02.0 on minor 0
2025-07-08T18:01:27.572934+12:00 vbox gnome-session[1730]: gnome-session-binary[1730]: WARNING: Could not check if unit gnome-session-wayland@gnome-login.target is active: Error calling StartServiceByName for org.freedesktop.systemd1: Process org.freedesktop.systemd1 exited with status 1
2025-07-08T18:01:27.572936+12:00 vbox kernel: [  T376] usb usb2: New USB device found, idVendor=1d6b, idProduct=0001, bcdDevice= 6.04
2025-07-08T18:01:27.572937+12:00 vbox kernel: [  T376] usb usb2: New USB device strings: Mfr=3, Product=2, SerialNumber=1
2025-07-08T18:01:27.572938+12:00 vbox kernel: [  T376] usb usb2: Product: OHCI PCI host controller
2025-07-08T18:01:27.572939+12:00 vbox kernel: [  T376] usb usb2: Manufacturer: Linux 6.4.0-150600.23.53-default ohci_hcd
2025-07-08T18:01:27.572939+12:00 vbox kernel: [  T376] usb usb2: SerialNumber: 0000:00:06.0
2025-07-08T18:01:27.572938+12:00 vbox gnome-session-binary[1730]: WARNING: Could not check if unit gnome-session-wayland@gnome-login.target is active: Error calling StartServiceByName for org.freedesktop.systemd1: Process org.freedesktop.systemd1 exited with status 1
2025-07-08T18:01:27.572940+12:00 vbox kernel: [  T376] hub 2-0:1.0: USB hub found
2025-07-08T18:01:27.572940+12:00 vbox kernel: [  T376] hub 2-0:1.0: 12 ports detected
2025-07-08T18:01:27.572943+12:00 vbox kernel: [  T371] fbcon: vmwgfxdrmfb (fb0) is primary device
2025-07-08T18:01:27.572942+12:00 vbox dns-dnsmasq.sh[1812]: <debug> NETWORKMANAGER_DNS_FORWARDER is not set to "dnsmasq" in /etc/sysconfig/network/config -> exit
2025-07-08T18:01:27.572944+12:00 vbox kernel: [  T371] Console: switching to colour frame buffer device 160x50
2025-07-08T18:01:27.572944+12:00 vbox kernel: [  T371] vmwgfx 0000:00:02.0: [drm] fb0: vmwgfxdrmfb frame buffer device
2025-07-08T18:01:27.572945+12:00 vbox kernel: [  T385] libata version 3.00 loaded.
2025-07-08T18:01:27.572945+12:00 vbox kernel: [  T385] ahci 0000:00:0d.0: version 3.0
2025-07-08T18:01:27.572946+12:00 vbox kernel: [  T385] ahci 0000:00:0d.0: SSS flag set, parallel bus scan disabled
2025-07-08T18:01:27.572949+12:00 vbox kernel: [  T385] ahci 0000:00:0d.0: AHCI 0001.0100 32 slots 1 ports 3 Gbps 0x1 impl SATA mode
2025-07-08T18:01:27.572950+12:00 vbox kernel: [  T385] ahci 0000:00:0d.0: flags: 64bit ncq stag only ccc 
2025-07-08T18:01:27.572950+12:00 vbox kernel: [  T385] scsi host0: ahci
2025-07-08T18:01:27.572951+12:00 vbox kernel: [  T385] ata1: SATA max UDMA/133 abar m8192@0xf0806000 port 0xf0806100 irq 21
2025-07-08T18:01:27.572951+12:00 vbox kernel: [   T69] usb 2-1: new full-speed USB device number 2 using ohci-pci
2025-07-08T18:01:27.572967+12:00 vbox systemd[1]: Finished Network Manager Wait Online.
2025-07-08T18:01:27.572970+12:00 vbox systemd[1]: Reached target Network is Online.
2025-07-08T18:01:27.572977+12:00 vbox systemd[1]: Starting System Logging Service...
2025-07-08T18:01:27.572980+12:00 vbox dns-dnsmasq.sh[1862]: <debug> NETWORKMANAGER_DNS_FORWARDER is not set to "dnsmasq" in /etc/sysconfig/network/config -> exit
2025-07-08T18:01:27.560323+12:00 vbox rsyslogd: imuxsock: Acquired UNIX socket '/run/systemd/journal/syslog' (fd 3) from systemd.  [v8.2406.0]
2025-07-08T18:01:27.560407+12:00 vbox systemd[1]: Started System Logging Service.
2025-07-08T18:01:27.560441+12:00 vbox rsyslogd: [origin software="rsyslogd" swVersion="8.2406.0" x-pid="1845" x-info="https://www.rsyslog.com"] start
2025-07-08T18:01:27.573018+12:00 vbox kernel: [  T478] ata1: SATA link up 3.0 Gbps (SStatus 123 SControl 300)
2025-07-08T18:01:27.573019+12:00 vbox kernel: [  T478] ata1.00: ATA-6: VBOX HARDDISK, 1.0, max UDMA/133
2025-07-08T18:01:27.573024+12:00 vbox kernel: [  T478] ata1.00: 52428800 sectors, multi 128: LBA48 NCQ (depth 32)
2025-07-08T18:01:27.573025+12:00 vbox kernel: [  T478] ata1.00: configured for UDMA/133
2025-07-08T18:01:27.573026+12:00 vbox kernel: [  T435] scsi 0:0:0:0: Direct-Access     ATA      VBOX HARDDISK    1.0  PQ: 0 ANSI: 5
2025-07-08T18:01:27.573026+12:00 vbox kernel: [  T435] sd 0:0:0:0: Attached scsi generic sg0 type 0
2025-07-08T18:01:27.573027+12:00 vbox kernel: [   T10] sd 0:0:0:0: [sda] 52428800 512-byte logical blocks: (26.8 GB/25.0 GiB)
2025-07-08T18:01:27.573028+12:00 vbox kernel: [   T10] sd 0:0:0:0: [sda] Write Protect is off
2025-07-08T18:01:27.573032+12:00 vbox kernel: [   T10] sd 0:0:0:0: [sda] Mode Sense: 00 3a 00 00
2025-07-08T18:01:27.573033+12:00 vbox kernel: [   T10] sd 0:0:0:0: [sda] Write cache: enabled, read cache: enabled, doesn't support DPO or FUA
2025-07-08T18:01:27.573034+12:00 vbox kernel: [   T10] sd 0:0:0:0: [sda] Preferred minimum I/O size 512 bytes
2025-07-08T18:01:27.573034+12:00 vbox kernel: [   T10]  sda: sda1 sda2
2025-07-08T18:01:27.573035+12:00 vbox kernel: [   T10] sd 0:0:0:0: [sda] Attached SCSI disk
2025-07-08T18:01:27.573036+12:00 vbox kernel: [  T385] ata_piix 0000:00:01.1: version 2.13
2025-07-08T18:01:27.573040+12:00 vbox kernel: [  T385] scsi host1: ata_piix
2025-07-08T18:01:27.573041+12:00 vbox kernel: [  T385] scsi host2: ata_piix
2025-07-08T18:01:27.573042+12:00 vbox kernel: [  T385] ata2: PATA max UDMA/33 cmd 0x1f0 ctl 0x3f6 bmdma 0xd000 irq 14
2025-07-08T18:01:27.573043+12:00 vbox kernel: [  T385] ata3: PATA max UDMA/33 cmd 0x170 ctl 0x376 bmdma 0xd008 irq 15
2025-07-08T18:01:27.573043+12:00 vbox kernel: [   T69] usb 2-1: New USB device found, idVendor=80ee, idProduct=0021, bcdDevice= 1.00
2025-07-08T18:01:27.573044+12:00 vbox kernel: [   T69] usb 2-1: New USB device strings: Mfr=1, Product=3, SerialNumber=0
2025-07-08T18:01:27.573044+12:00 vbox kernel: [   T69] usb 2-1: Product: USB Tablet
2025-07-08T18:01:27.573047+12:00 vbox kernel: [   T69] usb 2-1: Manufacturer: VirtualBox
2025-07-08T18:01:27.573048+12:00 vbox kernel: [  T386] usbcore: registered new interface driver usbhid
2025-07-08T18:01:27.573048+12:00 vbox kernel: [  T386] usbhid: USB HID core driver
2025-07-08T18:01:27.573049+12:00 vbox kernel: [  T490] ata3.00: ATAPI: VBOX CD-ROM, 1.0, max UDMA/133
2025-07-08T18:01:27.573049+12:00 vbox kernel: [   T10] scsi 2:0:0:0: CD-ROM            VBOX     CD-ROM           1.0  PQ: 0 ANSI: 5
2025-07-08T18:01:27.573050+12:00 vbox kernel: [   T10] scsi 2:0:0:0: Attached scsi generic sg1 type 5
2025-07-08T18:01:27.573053+12:00 vbox kernel: [  T386] input: VirtualBox USB Tablet as /devices/pci0000:00/0000:00:06.0/usb2/2-1/2-1:1.0/0003:80EE:0021.0001/input/input5
2025-07-08T18:01:27.573053+12:00 vbox kernel: [  T386] hid-generic 0003:80EE:0021.0001: input,hidraw0: USB HID v1.10 Mouse [VirtualBox USB Tablet] on usb-0000:00:06.0-1/input0
2025-07-08T18:01:27.573054+12:00 vbox kernel: [  T383] sr 2:0:0:0: [sr0] scsi3-mmc drive: 32x/32x xa/form2 tray
2025-07-08T18:01:27.573054+12:00 vbox kernel: [  T383] cdrom: Uniform CD-ROM driver Revision: 3.20
2025-07-08T18:01:27.573055+12:00 vbox kernel: [  T383] sr 2:0:0:0: Attached scsi CD-ROM sr0
2025-07-08T18:01:27.573055+12:00 vbox kernel: [  T386] BTRFS: device fsid 935cec91-4b75-4f2a-b901-b34ef2836c7b devid 1 transid 79 /dev/dm-0 scanned by (udev-worker) (386)
2025-07-08T18:01:27.573058+12:00 vbox kernel: [  T592] BTRFS info (device dm-0): using crc32c (crc32c-intel) checksum algorithm
2025-07-08T18:01:27.573059+12:00 vbox kernel: [  T592] BTRFS info (device dm-0): using free space tree
2025-07-08T18:01:27.573063+12:00 vbox kernel: [  T643] Adding 2097148k swap on /dev/mapper/system-swap.  Priority:-2 extents:1 across:2097148k FS
2025-07-08T18:01:27.573065+12:00 vbox kernel: [  T653] fuse: init (API version 7.38)
2025-07-08T18:01:27.573108+12:00 vbox kernel: [   T43] audit: type=1400 audit(1751954479.363:2): apparmor="STATUS" operation="profile_load" profile="unconfined" name="nvidia_modprobe" pid=731 comm="apparmor_parser"
2025-07-08T18:01:27.573109+12:00 vbox kernel: [   T43] audit: type=1400 audit(1751954479.363:3): apparmor="STATUS" operation="profile_load" profile="unconfined" name="nvidia_modprobe//kmod" pid=731 comm="apparmor_parser"
2025-07-08T18:01:27.573112+12:00 vbox kernel: [   T43] audit: type=1400 audit(1751954479.371:4): apparmor="STATUS" operation="profile_load" profile="unconfined" name="ping" pid=729 comm="apparmor_parser"
2025-07-08T18:01:27.573112+12:00 vbox kernel: [   T43] audit: type=1400 audit(1751954479.387:5): apparmor="STATUS" operation="profile_load" profile="unconfined" name="php-fpm" pid=732 comm="apparmor_parser"
2025-07-08T18:01:27.573113+12:00 vbox kernel: [   T43] audit: type=1400 audit(1751954479.411:6): apparmor="STATUS" operation="profile_load" profile="unconfined" name="samba-bgqd" pid=739 comm="apparmor_parser"
2025-07-08T18:01:27.573114+12:00 vbox kernel: [   T43] audit: type=1400 audit(1751954479.415:7): apparmor="STATUS" operation="profile_load" profile="unconfined" name="lsb_release" pid=730 comm="apparmor_parser"
